Archive member included to satisfy reference by file (symbol)

c:/vsarm/armcc/102021~1.10/bin/../lib/gcc/arm-none-eabi/10.3.1/thumb/v6-m/nofp\libgcc.a(_dvmd_tls.o)
                              CMakeFiles/blink.dir/C_/VSARM/sdk/pico/pico-sdk/src/rp2_common/pico_divider/divider_hardware.S.obj (__aeabi_idiv0)
c:/vsarm/armcc/102021~1.10/bin/../lib/gcc/arm-none-eabi/10.3.1/../../../../arm-none-eabi/lib/thumb/v6-m/nofp\libg.a(lib_a-calloc.o)
                              CMakeFiles/blink.dir/C_/VSARM/sdk/pico/pico-sdk/src/rp2_common/pico_malloc/malloc.c.obj (calloc)
c:/vsarm/armcc/102021~1.10/bin/../lib/gcc/arm-none-eabi/10.3.1/../../../../arm-none-eabi/lib/thumb/v6-m/nofp\libg.a(lib_a-callocr.o)
                              c:/vsarm/armcc/102021~1.10/bin/../lib/gcc/arm-none-eabi/10.3.1/../../../../arm-none-eabi/lib/thumb/v6-m/nofp\libg.a(lib_a-calloc.o) (_calloc_r)
c:/vsarm/armcc/102021~1.10/bin/../lib/gcc/arm-none-eabi/10.3.1/../../../../arm-none-eabi/lib/thumb/v6-m/nofp\libg.a(lib_a-ctype_.o)
                              CMakeFiles/blink.dir/C_/VSARM/sdk/pico/pico-sdk/lib/tinyusb/src/tusb.c.obj (_ctype_)
c:/vsarm/armcc/102021~1.10/bin/../lib/gcc/arm-none-eabi/10.3.1/../../../../arm-none-eabi/lib/thumb/v6-m/nofp\libg.a(lib_a-errno.o)
                              c:/vsarm/armcc/102021~1.10/bin/../lib/gcc/arm-none-eabi/10.3.1/../../../../arm-none-eabi/lib/thumb/v6-m/nofp\libg.a(lib_a-callocr.o) (__errno)
c:/vsarm/armcc/102021~1.10/bin/../lib/gcc/arm-none-eabi/10.3.1/../../../../arm-none-eabi/lib/thumb/v6-m/nofp\libg.a(lib_a-impure.o)
                              c:/vsarm/armcc/102021~1.10/bin/../lib/gcc/arm-none-eabi/10.3.1/../../../../arm-none-eabi/lib/thumb/v6-m/nofp\libg.a(lib_a-calloc.o) (_impure_ptr)
c:/vsarm/armcc/102021~1.10/bin/../lib/gcc/arm-none-eabi/10.3.1/../../../../arm-none-eabi/lib/thumb/v6-m/nofp\libg.a(lib_a-init.o)
                              c:/vsarm/armcc/102021~1.10/bin/../lib/gcc/arm-none-eabi/10.3.1/../../../../arm-none-eabi/lib/thumb/v6-m/nofp/crt0.o (__libc_init_array)
c:/vsarm/armcc/102021~1.10/bin/../lib/gcc/arm-none-eabi/10.3.1/../../../../arm-none-eabi/lib/thumb/v6-m/nofp\libg.a(lib_a-lcltime_r.o)
                              CMakeFiles/blink.dir/C_/VSARM/sdk/pico/pico-sdk/src/common/pico_util/datetime.c.obj (localtime_r)
c:/vsarm/armcc/102021~1.10/bin/../lib/gcc/arm-none-eabi/10.3.1/../../../../arm-none-eabi/lib/thumb/v6-m/nofp\libg.a(lib_a-malloc.o)
                              CMakeFiles/blink.dir/C_/VSARM/sdk/pico/pico-sdk/src/rp2_common/pico_malloc/malloc.c.obj (malloc)
c:/vsarm/armcc/102021~1.10/bin/../lib/gcc/arm-none-eabi/10.3.1/../../../../arm-none-eabi/lib/thumb/v6-m/nofp\libg.a(lib_a-mallocr.o)
                              c:/vsarm/armcc/102021~1.10/bin/../lib/gcc/arm-none-eabi/10.3.1/../../../../arm-none-eabi/lib/thumb/v6-m/nofp\libg.a(lib_a-callocr.o) (_malloc_r)
c:/vsarm/armcc/102021~1.10/bin/../lib/gcc/arm-none-eabi/10.3.1/../../../../arm-none-eabi/lib/thumb/v6-m/nofp\libg.a(lib_a-memcmp.o)
                              CMakeFiles/blink.dir/C_/VSARM/sdk/pico/pico-sdk/src/rp2_common/pico_atomic/atomic.c.obj (memcmp)
c:/vsarm/armcc/102021~1.10/bin/../lib/gcc/arm-none-eabi/10.3.1/../../../../arm-none-eabi/lib/thumb/v6-m/nofp\libg.a(lib_a-mktime.o)
                              CMakeFiles/blink.dir/C_/VSARM/sdk/pico/pico-sdk/src/common/pico_util/datetime.c.obj (mktime)
c:/vsarm/armcc/102021~1.10/bin/../lib/gcc/arm-none-eabi/10.3.1/../../../../arm-none-eabi/lib/thumb/v6-m/nofp\libg.a(lib_a-mlock.o)
                              c:/vsarm/armcc/102021~1.10/bin/../lib/gcc/arm-none-eabi/10.3.1/../../../../arm-none-eabi/lib/thumb/v6-m/nofp\libg.a(lib_a-mallocr.o) (__malloc_lock)
c:/vsarm/armcc/102021~1.10/bin/../lib/gcc/arm-none-eabi/10.3.1/../../../../arm-none-eabi/lib/thumb/v6-m/nofp\libg.a(lib_a-month_lengths.o)
                              c:/vsarm/armcc/102021~1.10/bin/../lib/gcc/arm-none-eabi/10.3.1/../../../../arm-none-eabi/lib/thumb/v6-m/nofp\libg.a(lib_a-lcltime_r.o) (__month_lengths)
c:/vsarm/armcc/102021~1.10/bin/../lib/gcc/arm-none-eabi/10.3.1/../../../../arm-none-eabi/lib/thumb/v6-m/nofp\libg.a(lib_a-realloc.o)
                              CMakeFiles/blink.dir/C_/VSARM/sdk/pico/pico-sdk/src/rp2_common/pico_malloc/malloc.c.obj (realloc)
c:/vsarm/armcc/102021~1.10/bin/../lib/gcc/arm-none-eabi/10.3.1/../../../../arm-none-eabi/lib/thumb/v6-m/nofp\libg.a(lib_a-reallocr.o)
                              c:/vsarm/armcc/102021~1.10/bin/../lib/gcc/arm-none-eabi/10.3.1/../../../../arm-none-eabi/lib/thumb/v6-m/nofp\libg.a(lib_a-realloc.o) (_realloc_r)
c:/vsarm/armcc/102021~1.10/bin/../lib/gcc/arm-none-eabi/10.3.1/../../../../arm-none-eabi/lib/thumb/v6-m/nofp\libg.a(lib_a-sbrkr.o)
                              c:/vsarm/armcc/102021~1.10/bin/../lib/gcc/arm-none-eabi/10.3.1/../../../../arm-none-eabi/lib/thumb/v6-m/nofp\libg.a(lib_a-mallocr.o) (_sbrk_r)
[...]
Memory Configuration

Name             Origin             Length             Attributes
FLASH            0x10000000         0x00200000         xr
RAM              0x20000000         0x00040000         xrw
SCRATCH_X        0x20040000         0x00001000         xrw
SCRATCH_Y        0x20041000         0x00001000         xrw
*default*        0x00000000         0xffffffff

Linker script and memory map

LOAD c:/vsarm/armcc/102021~1.10/bin/../lib/gcc/arm-none-eabi/10.3.1/thumb/v6-m/nofp/crti.o
LOAD c:/vsarm/armcc/102021~1.10/bin/../lib/gcc/arm-none-eabi/10.3.1/thumb/v6-m/nofp/crtbegin.o
LOAD c:/vsarm/armcc/102021~1.10/bin/../lib/gcc/arm-none-eabi/10.3.1/../../../../arm-none-eabi/lib/thumb/v6-m/nofp/crt0.o

.flash_begin    0x10000000        0x0
                0x10000000                __flash_binary_start = .

.boot2          0x10000000      0x100
                0x10000000                __boot2_start__ = .
 *(.boot2)
 .boot2         0x10000000      0x100 C:\Users\Mahmoud\AppData\Local\Temp\ccoAvqcP.o
                0x10000100                __boot2_end__ = .
                0x00000001                ASSERT (((__boot2_end__ - __boot2_start__) == 0x100), ERROR: Pico second stage bootloader must be 256 bytes in size)

.text           0x10000100     0x9a78
                0x10000100                __logical_binary_start = .
 *(.vectors)
 .vectors       0x10000100       0xd4 CMakeFiles/blink.dir/C_/VSARM/sdk/pico/pico-sdk/src/rp2_common/pico_crt0/crt0.S.obj
                0x10000100                __VECTOR_TABLE
                0x10000100                __vectors
                0x100001c0                isr_invalid
                0x100001c0                __default_isrs_start
                0x100001c2                isr_nmi
                0x100001c4                isr_hardfault
                0x100001c6                isr_svcall
                0x100001c8                isr_pendsv
                0x100001ca                isr_systick
                0x100001cc                isr_irq23
                0x100001cc                isr_irq18
                0x100001cc                isr_irq11
                0x100001cc                isr_irq28
                0x100001cc                isr_irq19
                0x100001cc                isr_irq0
                0x100001cc                isr_irq6
                0x100001cc                isr_irq5
                0x100001cc                isr_irq12
                0x100001cc                isr_irq22
                0x100001cc                isr_irq31
                0x100001cc                isr_irq17
                0x100001cc                isr_irq27
                0x100001cc                isr_irq30
                0x100001cc                isr_irq2
                0x100001cc                isr_irq10
                0x100001cc                isr_irq8
                0x100001cc                isr_irq24
                0x100001cc                isr_irq1
                0x100001cc                isr_irq7
                0x100001cc                isr_irq21
                0x100001cc                isr_irq20
                0x100001cc                isr_irq15
                0x100001cc                isr_irq25
                0x100001cc                isr_irq13
                0x100001cc                __unhandled_user_irq
                0x100001cc                isr_irq4
                0x100001cc                isr_irq16
                0x100001cc                isr_irq29
                0x100001cc                isr_irq26
                0x100001cc                __default_isrs_end
                0x100001cc                isr_irq3
                0x100001cc                isr_irq14
                0x100001cc                isr_irq9
                0x100001d2                unhandled_user_irq_num_in_r0
 *(.binary_info_header)
 .binary_info_header
                0x100001d4       0x14 CMakeFiles/blink.dir/C_/VSARM/sdk/pico/pico-sdk/src/rp2_common/pico_crt0/crt0.S.obj
                0x100001e8                __binary_info_header_end = .
 *(.embedded_block)
                0x100001e8                __embedded_block_end = .
 *(.reset)
 .reset         0x100001e8       0x9c CMakeFiles/blink.dir/C_/VSARM/sdk/pico/pico-sdk/src/rp2_common/pico_crt0/crt0.S.obj
                0x100001e8                _entry_point
 *(.init)
 .init          0x10000284        0x4 c:/vsarm/armcc/102021~1.10/bin/../lib/gcc/arm-none-eabi/10.3.1/thumb/v6-m/nofp/crti.o
                0x10000284                _init
 *(EXCLUDE_FILE(*libm.a: *libc.a:*lib_a-mem*.o *libgcc.a:) .text*)
 .text          0x10000288       0x48 c:/vsarm/armcc/102021~1.10/bin/../lib/gcc/arm-none-eabi/10.3.1/thumb/v6-m/nofp/crtbegin.o
 .text.task_movement_controller
                0x100002d0      0x17c CMakeFiles/blink.dir/main.c.obj
                0x100002d0                task_movement_controller
 .text.task_parking_mechanism
                0x1000044c       0xb0 CMakeFiles/blink.dir/main.c.obj
                0x1000044c                task_parking_mechanism
 .text.initialize_components
                0x100004fc       0x4c CMakeFiles/blink.dir/main.c.obj
                0x100004fc                initialize_components
 .text.main     0x10000548       0x58 CMakeFiles/blink.dir/main.c.obj
                0x10000548                main
 .text.servo_init
                0x100005a0       0x58 CMakeFiles/blink.dir/servo_control.c.obj
                0x100005a0                servo_init
 .text.servo_set_position
                0x100005f8       0xec CMakeFiles/blink.dir/servo_control.c.obj
                0x100005f8                servo_set_position
 .text.ultrasonic_sensor_init
                0x100006e4       0x22 CMakeFiles/blink.dir/ultraSonic_sensor.c.obj
                0x100006e4                ultrasonic_sensor_init
 .text.pulse_in
                0x10000706       0xc2 CMakeFiles/blink.dir/ultraSonic_sensor.c.obj
                0x10000706                pulse_in
 .text.ultrasonic_sensor_read_distance
                0x100007c8       0x5c CMakeFiles/blink.dir/ultraSonic_sensor.c.obj
                0x100007c8                ultrasonic_sensor_read_distance
 .text.infrared_sensor_init
                0x10000824       0x14 CMakeFiles/blink.dir/infrared_sensor.c.obj
                0x10000824                infrared_sensor_init
 .text.infrared_sensor_is_triggered
                0x10000838       0x16 CMakeFiles/blink.dir/infrared_sensor.c.obj
                0x10000838                infrared_sensor_is_triggered
 *fill*         0x1000084e        0x2 
 .text.dc_motor_init
                0x10000850       0xf4 CMakeFiles/blink.dir/dc_motor.c.obj
                0x10000850                dc_motor_init
 .text.dc_motor_stop
                0x10000944       0x98 CMakeFiles/blink.dir/dc_motor.c.obj
                0x10000944                dc_motor_stop
 .text.dc_motor_set_speed
                0x100009dc      0x15c CMakeFiles/blink.dir/dc_motor.c.obj
                0x100009dc                dc_motor_set_speed
 .text.sharp_ir_sensor_init
                0x10000b38       0x40 CMakeFiles/blink.dir/sharp_infra_sensor.c.obj
                0x10000b38                sharp_ir_sensor_init
 .text.buzzer_on
                0x10000b78        0xc CMakeFiles/blink.dir/buzzer_sfm.c.obj
                0x10000b78                buzzer_on
 .text.buzzer_off
                0x10000b84        0xc CMakeFiles/blink.dir/buzzer_sfm.c.obj
                0x10000b84                buzzer_off
 .text.buzzer_init
                0x10000b90       0x18 CMakeFiles/blink.dir/buzzer_sfm.c.obj
                0x10000b90                buzzer_init
 .text.buzzer_beep
                0x10000ba8       0x14 CMakeFiles/blink.dir/buzzer_sfm.c.obj
                0x10000ba8                buzzer_beep
 .text.gpio_set_function
                0x10000bbc       0x34 CMakeFiles/blink.dir/C_/VSARM/sdk/pico/pico-sdk/src/rp2_common/hardware_gpio/gpio.c.obj
                0x10000bbc                gpio_set_function
 .text.gpio_set_pulls
                0x10000bf0       0x38 CMakeFiles/blink.dir/C_/VSARM/sdk/pico/pico-sdk/src/rp2_common/hardware_gpio/gpio.c.obj
                0x10000bf0                gpio_set_pulls
 .text.gpio_set_input_enabled
                0x10000c28       0x28 CMakeFiles/blink.dir/C_/VSARM/sdk/pico/pico-sdk/src/rp2_common/hardware_gpio/gpio.c.obj
                0x10000c28                gpio_set_input_enabled
 .text.gpio_init
                0x10000c50       0x16 CMakeFiles/blink.dir/C_/VSARM/sdk/pico/pico-sdk/src/rp2_common/hardware_gpio/gpio.c.obj
                0x10000c50                gpio_init
 *fill*         0x10000c66        0x2 
 .text.rp2040_chip_version
                0x10000c68       0x4c CMakeFiles/blink.dir/C_/VSARM/sdk/pico/pico-sdk/src/rp2040/pico_platform/platform.c.obj
                0x10000c68                rp2040_chip_version
 .text.panic    0x10000cb4       0x30 CMakeFiles/blink.dir/C_/VSARM/sdk/pico/pico-sdk/src/rp2_common/pico_platform_panic/panic.c.obj
                0x10000cb4                panic
 .text.panic_unsupported
                0x10000ce4        0xc CMakeFiles/blink.dir/C_/VSARM/sdk/pico/pico-sdk/src/rp2_common/pico_platform_panic/panic.c.obj
                0x10000ce4                panic_unsupported
 .text.hw_claim_lock
                0x10000cf0       0x18 CMakeFiles/blink.dir/C_/VSARM/sdk/pico/pico-sdk/src/common/hardware_claim/claim.c.obj
                0x10000cf0                hw_claim_lock
 .text.hw_claim_unlock
                0x10000d08       0x14 CMakeFiles/blink.dir/C_/VSARM/sdk/pico/pico-sdk/src/common/hardware_claim/claim.c.obj
                0x10000d08                hw_claim_unlock
 .text.hw_claim_or_assert
                0x10000d1c       0x32 CMakeFiles/blink.dir/C_/VSARM/sdk/pico/pico-sdk/src/common/hardware_claim/claim.c.obj
                0x10000d1c                hw_claim_or_assert
 .text.hw_claim_unused_from_range
                0x10000d4e       0x50 CMakeFiles/blink.dir/C_/VSARM/sdk/pico/pico-sdk/src/common/hardware_claim/claim.c.obj
                0x10000d4e                hw_claim_unused_from_range
 *fill*         0x10000d9e        0x2 
 .text.next_striped_spin_lock_num
                0x10000da0       0x1c CMakeFiles/blink.dir/C_/VSARM/sdk/pico/pico-sdk/src/rp2_common/hardware_sync/sync.c.obj
                0x10000da0                next_striped_spin_lock_num
 .text.spin_lock_claim_unused
                0x10000dbc       0x20 CMakeFiles/blink.dir/C_/VSARM/sdk/pico/pico-sdk/src/rp2_common/hardware_sync/sync.c.obj
                0x10000dbc                spin_lock_claim_unused
 .text.spin_locks_reset
                0x10000ddc       0x20 CMakeFiles/blink.dir/C_/VSARM/sdk/pico/pico-sdk/src/rp2_common/hardware_sync_spin_lock/sync_spin_lock.c.obj
                0x10000ddc                spin_locks_reset
 .text.set_raw_irq_handler_and_unlock
                0x10000dfc       0x28 CMakeFiles/blink.dir/C_/VSARM/sdk/pico/pico-sdk/src/rp2_common/hardware_irq/irq.c.obj
 .text.nvic_ipr0
                0x10000e24        0x8 CMakeFiles/blink.dir/C_/VSARM/sdk/pico/pico-sdk/src/rp2_common/hardware_irq/irq.c.obj
 .text.runtime_init_per_core_irq_priorities
                0x10000e2c       0x1c CMakeFiles/blink.dir/C_/VSARM/sdk/pico/pico-sdk/src/rp2_common/hardware_irq/irq.c.obj
                0x10000e2c                runtime_init_per_core_irq_priorities
 .text.make_j_16
                0x10000e48       0x4c CMakeFiles/blink.dir/C_/VSARM/sdk/pico/pico-sdk/src/rp2_common/hardware_irq/irq.c.obj
 .text.irq_is_enabled
                0x10000e94       0x18 CMakeFiles/blink.dir/C_/VSARM/sdk/pico/pico-sdk/src/rp2_common/hardware_irq/irq.c.obj
                0x10000e94                irq_is_enabled
 .text.irq_set_mask_n_enabled
                0x10000eac       0x1c CMakeFiles/blink.dir/C_/VSARM/sdk/pico/pico-sdk/src/rp2_common/hardware_irq/irq.c.obj
                0x10000eac                irq_set_mask_n_enabled
 .text.irq_set_enabled
                0x10000ec8       0x14 CMakeFiles/blink.dir/C_/VSARM/sdk/pico/pico-sdk/src/rp2_common/hardware_irq/irq.c.obj
                0x10000ec8                irq_set_enabled
 .text.irq_set_pending
                0x10000edc       0x10 CMakeFiles/blink.dir/C_/VSARM/sdk/pico/pico-sdk/src/rp2_common/hardware_irq/irq.c.obj
                0x10000edc                irq_set_pending
 .text.irq_get_vtable_handler
                0x10000eec       0x10 CMakeFiles/blink.dir/C_/VSARM/sdk/pico/pico-sdk/src/rp2_common/hardware_irq/irq.c.obj
                0x10000eec                irq_get_vtable_handler
 .text.irq_has_shared_handler
                0x10000efc       0x24 CMakeFiles/blink.dir/C_/VSARM/sdk/pico/pico-sdk/src/rp2_common/hardware_irq/irq.c.obj
                0x10000efc                irq_has_shared_handler
 .text.irq_set_exclusive_handler
                0x10000f20       0x54 CMakeFiles/blink.dir/C_/VSARM/sdk/pico/pico-sdk/src/rp2_common/hardware_irq/irq.c.obj
                0x10000f20                irq_set_exclusive_handler
 .text.irq_add_shared_handler
                0x10000f74      0x238 CMakeFiles/blink.dir/C_/VSARM/sdk/pico/pico-sdk/src/rp2_common/hardware_irq/irq.c.obj
                0x10000f74                irq_add_shared_handler
 .text.irq_set_priority
                0x100011ac       0x26 CMakeFiles/blink.dir/C_/VSARM/sdk/pico/pico-sdk/src/rp2_common/hardware_irq/irq.c.obj
                0x100011ac                irq_set_priority
 *fill*         0x100011d2        0x2 
 .text.irq_add_tail_to_free_list
                0x100011d4       0xf4 CMakeFiles/blink.dir/C_/VSARM/sdk/pico/pico-sdk/src/rp2_common/hardware_irq/irq.c.obj
                0x100011d4                irq_add_tail_to_free_list
 .text.user_irq_claim_unused
                0x100012c8       0x28 CMakeFiles/blink.dir/C_/VSARM/sdk/pico/pico-sdk/src/rp2_common/hardware_irq/irq.c.obj
                0x100012c8                user_irq_claim_unused
 .text.lock_init
                0x100012f0       0x10 CMakeFiles/blink.dir/C_/VSARM/sdk/pico/pico-sdk/src/common/pico_sync/lock_core.c.obj
                0x100012f0                lock_init
 .text.mutex_init
                0x10001300       0x1c CMakeFiles/blink.dir/C_/VSARM/sdk/pico/pico-sdk/src/common/pico_sync/mutex.c.obj
                0x10001300                mutex_init
 .text.recursive_mutex_init
                0x1000131c       0x20 CMakeFiles/blink.dir/C_/VSARM/sdk/pico/pico-sdk/src/common/pico_sync/mutex.c.obj
                0x1000131c                recursive_mutex_init
 .text.runtime_init_mutex
                0x1000133c       0x4c CMakeFiles/blink.dir/C_/VSARM/sdk/pico/pico-sdk/src/common/pico_sync/mutex.c.obj
                0x1000133c                runtime_init_mutex
 .text.critical_section_init_with_lock_num
                0x10001388       0x14 CMakeFiles/blink.dir/C_/VSARM/sdk/pico/pico-sdk/src/common/pico_sync/critical_section.c.obj
                0x10001388                critical_section_init_with_lock_num
 .text.critical_section_init
                0x1000139c       0x14 CMakeFiles/blink.dir/C_/VSARM/sdk/pico/pico-sdk/src/common/pico_sync/critical_section.c.obj
                0x1000139c                critical_section_init
 .text.make_alarm_id
                0x100013b0        0x6 CMakeFiles/blink.dir/C_/VSARM/sdk/pico/pico-sdk/src/common/pico_time/time.c.obj
 *fill*         0x100013b6        0x2 
 .text.alarm_pool_irq_handler
                0x100013b8      0x2e4 CMakeFiles/blink.dir/C_/VSARM/sdk/pico/pico-sdk/src/common/pico_time/time.c.obj
 .text.alarm_pool_post_alloc_init
                0x1000169c       0x94 CMakeFiles/blink.dir/C_/VSARM/sdk/pico/pico-sdk/src/common/pico_time/time.c.obj
 .text.sleep_until_callback
                0x10001730       0x28 CMakeFiles/blink.dir/C_/VSARM/sdk/pico/pico-sdk/src/common/pico_time/time.c.obj
 .text.alarm_pool_get_default
                0x10001758       0x2c CMakeFiles/blink.dir/C_/VSARM/sdk/pico/pico-sdk/src/common/pico_time/time.c.obj
                0x10001758                alarm_pool_get_default
 .text.alarm_pool_add_alarm_at_force_in_context
                0x10001784       0xb0 CMakeFiles/blink.dir/C_/VSARM/sdk/pico/pico-sdk/src/common/pico_time/time.c.obj
                0x10001784                alarm_pool_add_alarm_at_force_in_context
 .text.alarm_pool_add_alarm_at
                0x10001834       0x3c CMakeFiles/blink.dir/C_/VSARM/sdk/pico/pico-sdk/src/common/pico_time/time.c.obj
                0x10001834                alarm_pool_add_alarm_at
 .text.alarm_pool_cancel_alarm
                0x10001870       0x78 CMakeFiles/blink.dir/C_/VSARM/sdk/pico/pico-sdk/src/common/pico_time/time.c.obj
                0x10001870                alarm_pool_cancel_alarm
 .text.alarm_pool_core_num
                0x100018e8        0x4 CMakeFiles/blink.dir/C_/VSARM/sdk/pico/pico-sdk/src/common/pico_time/time.c.obj
                0x100018e8                alarm_pool_core_num
 .text.sleep_until
                0x100018ec       0xbc CMakeFiles/blink.dir/C_/VSARM/sdk/pico/pico-sdk/src/common/pico_time/time.c.obj
                0x100018ec                sleep_until
 .text.sleep_us
                0x100019a8       0x24 CMakeFiles/blink.dir/C_/VSARM/sdk/pico/pico-sdk/src/common/pico_time/time.c.obj
                0x100019a8                sleep_us
 .text.sleep_ms
                0x100019cc       0x14 CMakeFiles/blink.dir/C_/VSARM/sdk/pico/pico-sdk/src/common/pico_time/time.c.obj
                0x100019cc                sleep_ms
 .text.best_effort_wfe_or_timeout
                0x100019e0       0xd8 CMakeFiles/blink.dir/C_/VSARM/sdk/pico/pico-sdk/src/common/pico_time/time.c.obj
                0x100019e0                best_effort_wfe_or_timeout
 .text.alarm_pool_get_default_timer
                0x10001ab8        0x8 CMakeFiles/blink.dir/C_/VSARM/sdk/pico/pico-sdk/src/common/pico_time/time.c.obj
                0x10001ab8                alarm_pool_get_default_timer
 .text.runtime_init_default_alarm_pool
                0x10001ac0       0x38 CMakeFiles/blink.dir/C_/VSARM/sdk/pico/pico-sdk/src/common/pico_time/time.c.obj
                0x10001ac0                runtime_init_default_alarm_pool
 .text.timer_hardware_alarm_claim
                0x10001af8       0x14 CMakeFiles/blink.dir/C_/VSARM/sdk/pico/pico-sdk/src/rp2_common/hardware_timer/timer.c.obj
                0x10001af8                timer_hardware_alarm_claim
 .text.timer_time_us_64
                0x10001b0c       0x10 CMakeFiles/blink.dir/C_/VSARM/sdk/pico/pico-sdk/src/rp2_common/hardware_timer/timer.c.obj
                0x10001b0c                timer_time_us_64
 .text.timer_busy_wait_until
                0x10001b1c       0x1a CMakeFiles/blink.dir/C_/VSARM/sdk/pico/pico-sdk/src/rp2_common/hardware_timer/timer.c.obj
                0x10001b1c                timer_busy_wait_until
 *fill*         0x10001b36        0x2 
 .text.time_us_64
                0x10001b38       0x10 CMakeFiles/blink.dir/C_/VSARM/sdk/pico/pico-sdk/src/rp2_common/hardware_timer/timer.c.obj
                0x10001b38                time_us_64
 .text.busy_wait_until
                0x10001b48       0x14 CMakeFiles/blink.dir/C_/VSARM/sdk/pico/pico-sdk/src/rp2_common/hardware_timer/timer.c.obj
                0x10001b48                busy_wait_until
 .text.clock_configure_internal
                0x10001b5c       0xc4 CMakeFiles/blink.dir/C_/VSARM/sdk/pico/pico-sdk/src/rp2_common/hardware_clocks/clocks.c.obj
 .text.clock_configure_int_divider
                0x10001c20       0x28 CMakeFiles/blink.dir/C_/VSARM/sdk/pico/pico-sdk/src/rp2_common/hardware_clocks/clocks.c.obj
                0x10001c20                clock_configure_int_divider
 .text.clock_configure_undivided
                0x10001c48       0x12 CMakeFiles/blink.dir/C_/VSARM/sdk/pico/pico-sdk/src/rp2_common/hardware_clocks/clocks.c.obj
                0x10001c48                clock_configure_undivided
 *fill*         0x10001c5a        0x2 
 .text.clock_get_hz
                0x10001c5c        0xc CMakeFiles/blink.dir/C_/VSARM/sdk/pico/pico-sdk/src/rp2_common/hardware_clocks/clocks.c.obj
                0x10001c5c                clock_get_hz
 .text.pll_init
                0x10001c68      0x120 CMakeFiles/blink.dir/C_/VSARM/sdk/pico/pico-sdk/src/rp2_common/hardware_pll/pll.c.obj
                0x10001c68                pll_init
 .text.watchdog_update
                0x10001d88       0x14 CMakeFiles/blink.dir/C_/VSARM/sdk/pico/pico-sdk/src/rp2_common/hardware_watchdog/watchdog.c.obj
                0x10001d88                watchdog_update
 .text._watchdog_enable
                0x10001d9c       0x7c CMakeFiles/blink.dir/C_/VSARM/sdk/pico/pico-sdk/src/rp2_common/hardware_watchdog/watchdog.c.obj
                0x10001d9c                _watchdog_enable
 .text.watchdog_reboot
                0x10001e18       0x48 CMakeFiles/blink.dir/C_/VSARM/sdk/pico/pico-sdk/src/rp2_common/hardware_watchdog/watchdog.c.obj
                0x10001e18                watchdog_reboot
 .text.tick_start
                0x10001e60       0x10 CMakeFiles/blink.dir/C_/VSARM/sdk/pico/pico-sdk/src/rp2_common/hardware_ticks/ticks.c.obj
                0x10001e60                tick_start
 .text.xosc_init
                0x10001e70       0x28 CMakeFiles/blink.dir/C_/VSARM/sdk/pico/pico-sdk/src/rp2_common/hardware_xosc/xosc.c.obj
                0x10001e70                xosc_init
 .text.runtime_run_initializers_from
                0x10001e98       0x18 CMakeFiles/blink.dir/C_/VSARM/sdk/pico/pico-sdk/src/rp2_common/pico_runtime/runtime.c.obj
 .text.first_per_core_initializer
                0x10001eb0        0x2 CMakeFiles/blink.dir/C_/VSARM/sdk/pico/pico-sdk/src/rp2_common/pico_runtime/runtime.c.obj
 *fill*         0x10001eb2        0x2 
 .text.runtime_run_initializers
                0x10001eb4       0x10 CMakeFiles/blink.dir/C_/VSARM/sdk/pico/pico-sdk/src/rp2_common/pico_runtime/runtime.c.obj
                0x10001eb4                runtime_run_initializers
 .text.runtime_init_early_resets
                0x10001ec4       0x2c CMakeFiles/blink.dir/C_/VSARM/sdk/pico/pico-sdk/src/rp2_common/pico_runtime_init/runtime_init.c.obj
                0x10001ec4                runtime_init_early_resets
 .text.runtime_init_usb_power_down
                0x10001ef0       0x1c CMakeFiles/blink.dir/C_/VSARM/sdk/pico/pico-sdk/src/rp2_common/pico_runtime_init/runtime_init.c.obj
                0x10001ef0                runtime_init_usb_power_down
 .text.runtime_init_post_clock_resets
                0x10001f0c       0x20 CMakeFiles/blink.dir/C_/VSARM/sdk/pico/pico-sdk/src/rp2_common/pico_runtime_init/runtime_init.c.obj
                0x10001f0c                runtime_init_post_clock_resets
 .text.runtime_init_rp2040_gpio_ie_disable
                0x10001f2c       0x14 CMakeFiles/blink.dir/C_/VSARM/sdk/pico/pico-sdk/src/rp2_common/pico_runtime_init/runtime_init.c.obj
                0x10001f2c                runtime_init_rp2040_gpio_ie_disable
 .text.runtime_init_spin_locks_reset
                0x10001f40        0x8 CMakeFiles/blink.dir/C_/VSARM/sdk/pico/pico-sdk/src/rp2_common/pico_runtime_init/runtime_init.c.obj
                0x10001f40                runtime_init_spin_locks_reset
 .text.runtime_init_install_ram_vector_table
                0x10001f48       0x1c CMakeFiles/blink.dir/C_/VSARM/sdk/pico/pico-sdk/src/rp2_common/pico_runtime_init/runtime_init.c.obj
                0x10001f48                runtime_init_install_ram_vector_table
 .text.start_all_ticks
                0x10001f64       0x28 CMakeFiles/blink.dir/C_/VSARM/sdk/pico/pico-sdk/src/rp2_common/pico_runtime_init/runtime_init_clocks.c.obj
 .text.runtime_init_clocks
                0x10001f8c       0xcc CMakeFiles/blink.dir/C_/VSARM/sdk/pico/pico-sdk/src/rp2_common/pico_runtime_init/runtime_init_clocks.c.obj
                0x10001f8c                runtime_init_clocks
 .text          0x10002058       0x10 CMakeFiles/blink.dir/C_/VSARM/sdk/pico/pico-sdk/src/rp2_common/pico_bit_ops/bit_ops_aeabi.S.obj
 .text.rom_func_lookup
                0x10002068       0x10 CMakeFiles/blink.dir/C_/VSARM/sdk/pico/pico-sdk/src/rp2_common/pico_bootrom/bootrom.c.obj
                0x10002068                rom_func_lookup
 .text.rom_data_lookup
                0x10002078       0x10 CMakeFiles/blink.dir/C_/VSARM/sdk/pico/pico-sdk/src/rp2_common/pico_bootrom/bootrom.c.obj
                0x10002078                rom_data_lookup
 .text.rom_funcs_lookup
                0x10002088       0x36 CMakeFiles/blink.dir/C_/VSARM/sdk/pico/pico-sdk/src/rp2_common/pico_bootrom/bootrom.c.obj
                0x10002088                rom_funcs_lookup
 *fill*         0x100020be        0x2 
 .text.rom_reset_usb_boot
                0x100020c0       0x18 CMakeFiles/blink.dir/C_/VSARM/sdk/pico/pico-sdk/src/rp2_common/pico_bootrom/bootrom.c.obj
                0x100020c0                rom_reset_usb_boot
 .text.__wrap___aeabi_idiv
                0x100020d8       0x50 CMakeFiles/blink.dir/C_/VSARM/sdk/pico/pico-sdk/src/rp2_common/pico_divider/divider_hardware.S.obj
                0x100020d8                __wrap___aeabi_idivmod
                0x100020d8                divmod_s32s32
                0x100020d8                div_s32s32
                0x100020d8                __wrap___aeabi_idiv
                0x100020e0                divmod_s32s32_unsafe
                0x1000210c                divmod_s32s32_savestate
 .text.__wrap___aeabi_uidiv
                0x10002128       0x4c CMakeFiles/blink.dir/C_/VSARM/sdk/pico/pico-sdk/src/rp2_common/pico_divider/divider_hardware.S.obj
                0x10002128                __wrap___aeabi_uidiv
                0x10002128                __wrap___aeabi_uidivmod
                0x10002128                div_u32u32
                0x10002128                divmod_u32u32
                0x10002130                divmod_u32u32_unsafe
                0x10002158                divmod_u32u32_savestate
 .text.__wrap___aeabi_ldiv
                0x10002174      0x424 CMakeFiles/blink.dir/C_/VSARM/sdk/pico/pico-sdk/src/rp2_common/pico_divider/divider_hardware.S.obj
                0x10002174                div_s64s64
                0x10002174                divmod_s64s64
                0x10002174                __wrap___aeabi_ldivmod
                0x100021a4                divmod_u64u64
                0x100021a4                div_u64u64
                0x100021a4                __wrap___aeabi_uldivmod
                0x100021b4                divmod_u64u64_savestate
                0x100021d4                divmod_s64s64_unsafe
                0x1000225c                divmod_u64u64_unsafe
 .text.__wrap___aeabi_darithmetic
                0x10002598       0x80 CMakeFiles/blink.dir/C_/VSARM/sdk/pico/pico-sdk/src/rp2_common/pico_double/double_aeabi_rp2040.S.obj
                0x10002598                __wrap___aeabi_drsub
                0x1000259e                __wrap___aeabi_dsub
                0x100025b0                __wrap___aeabi_dadd
                0x100025c2                __wrap___aeabi_ddiv
                0x100025fe                __wrap___aeabi_dmul
 .text.__wrap___aeabi_cdcmple
                0x10002618       0x6c CMakeFiles/blink.dir/C_/VSARM/sdk/pico/pico-sdk/src/rp2_common/pico_double/double_aeabi_rp2040.S.obj
                0x10002618                __wrap___aeabi_cdrcmple
                0x10002628                __wrap___aeabi_cdcmpeq
                0x10002628                __wrap___aeabi_cdcmple
 .text.__wrap___aeabi_dcmplt
                0x10002684        0xc CMakeFiles/blink.dir/C_/VSARM/sdk/pico/pico-sdk/src/rp2_common/pico_double/double_aeabi_rp2040.S.obj
                0x10002684                __wrap___aeabi_dcmplt
 .text.__wrap___aeabi_dcmple
                0x10002690       0x10 CMakeFiles/blink.dir/C_/VSARM/sdk/pico/pico-sdk/src/rp2_common/pico_double/double_aeabi_rp2040.S.obj
                0x10002690                __wrap___aeabi_dcmple
 .text.__wrap___aeabi_dcmpge
                0x100026a0       0x10 CMakeFiles/blink.dir/C_/VSARM/sdk/pico/pico-sdk/src/rp2_common/pico_double/double_aeabi_rp2040.S.obj
                0x100026a0                __wrap___aeabi_dcmpge
 .text.__wrap___aeabi_dcmpgt
                0x100026b0        0xa CMakeFiles/blink.dir/C_/VSARM/sdk/pico/pico-sdk/src/rp2_common/pico_double/double_aeabi_rp2040.S.obj
                0x100026b0                __wrap___aeabi_dcmpgt
 .text.__wrap___aeabi_dcmpun
                0x100026ba       0x18 CMakeFiles/blink.dir/C_/VSARM/sdk/pico/pico-sdk/src/rp2_common/pico_double/double_aeabi_rp2040.S.obj
                0x100026ba                __wrap___aeabi_dcmpun
 *fill*         0x100026d2        0x2 
 .text.__wrap___aeabi_i2d
                0x100026d4       0x38 CMakeFiles/blink.dir/C_/VSARM/sdk/pico/pico-sdk/src/rp2_common/pico_double/double_aeabi_rp2040.S.obj
                0x100026d4                __wrap___aeabi_ui2d
                0x100026dc                __wrap___aeabi_i2d
 .text.__wrap___aeabi_d2iz
                0x1000270c       0x48 CMakeFiles/blink.dir/C_/VSARM/sdk/pico/pico-sdk/src/rp2_common/pico_double/double_aeabi_rp2040.S.obj
                0x1000270c                double2int_z
                0x1000270c                __wrap___aeabi_d2iz
 .text.__wrap___aeabi_d2uiz
                0x10002754       0x18 CMakeFiles/blink.dir/C_/VSARM/sdk/pico/pico-sdk/src/rp2_common/pico_double/double_aeabi_rp2040.S.obj
                0x10002754                __wrap___aeabi_d2uiz
                0x10002754                double2uint
 .text.__aeabi_double_init
                0x1000276c       0xc8 CMakeFiles/blink.dir/C_/VSARM/sdk/pico/pico-sdk/src/rp2_common/pico_double/double_init_rom_rp2040.c.obj
                0x1000276c                __aeabi_double_init
 .text.double_table_shim_on_use_helper
                0x10002834       0x34 CMakeFiles/blink.dir/C_/VSARM/sdk/pico/pico-sdk/src/rp2_common/pico_double/double_v1_rom_shim_rp2040.S.obj
                0x10002834                double_table_shim_on_use_helper
 .text.__wrap___aeabi_dsub
                0x10002868       0x10 CMakeFiles/blink.dir/C_/VSARM/sdk/pico/pico-sdk/src/rp2_common/pico_double/double_v1_rom_shim_rp2040.S.obj
                0x10002868                drsub_shim
                0x1000286e                dsub_shim
 .text.dadd_shim
                0x10002878      0x15c CMakeFiles/blink.dir/C_/VSARM/sdk/pico/pico-sdk/src/rp2_common/pico_double/double_v1_rom_shim_rp2040.S.obj
                0x10002878                dadd_shim
 .text.dmul_shim
                0x100029d4      0x15c CMakeFiles/blink.dir/C_/VSARM/sdk/pico/pico-sdk/src/rp2_common/pico_double/double_v1_rom_shim_rp2040.S.obj
                0x100029d4                dmul_shim
 .text.ddiv_shim
                0x10002b30      0x1b0 CMakeFiles/blink.dir/C_/VSARM/sdk/pico/pico-sdk/src/rp2_common/pico_double/double_v1_rom_shim_rp2040.S.obj
                0x10002b30                ddiv_shim
 .text.double2uint_shim
                0x10002ce0        0xe CMakeFiles/blink.dir/C_/VSARM/sdk/pico/pico-sdk/src/rp2_common/pico_double/double_v1_rom_shim_rp2040.S.obj
                0x10002ce0                double2uint_shim
                0x10002ce2                double2ufix_shim
 *fill*         0x10002cee        0x2 
 .text.double2uint64_shim
                0x10002cf0       0x70 CMakeFiles/blink.dir/C_/VSARM/sdk/pico/pico-sdk/src/rp2_common/pico_double/double_v1_rom_shim_rp2040.S.obj
                0x10002cf0                double2uint64_shim
                0x10002cf2                double2ufix64_shim
                0x10002d12                d2fix_a
 .text.dunpacks
                0x10002d60       0x3c CMakeFiles/blink.dir/C_/VSARM/sdk/pico/pico-sdk/src/rp2_common/pico_double/double_v1_rom_shim_rp2040.S.obj
                0x10002d60                dunpacks
 .text.__aeabi_lmul
                0x10002d9c       0x32 CMakeFiles/blink.dir/C_/VSARM/sdk/pico/pico-sdk/src/rp2_common/pico_int64_ops/pico_int64_ops_aeabi.S.obj
                0x10002d9c                __wrap___aeabi_lmul
 *fill*         0x10002dce        0x2 
 .text.__wrap___aeabi_farithmetic
                0x10002dd0       0x58 CMakeFiles/blink.dir/C_/VSARM/sdk/pico/pico-sdk/src/rp2_common/pico_float/float_aeabi_rp2040.S.obj
                0x10002dd0                __wrap___aeabi_frsub
                0x10002dd6                __wrap___aeabi_fsub
                0x10002de0                __wrap___aeabi_fadd
                0x10002dea                __wrap___aeabi_fdiv
                0x10002e16                __wrap___aeabi_fmul
 .text.__wrap___aeabi_cfcmple
                0x10002e28       0x50 CMakeFiles/blink.dir/C_/VSARM/sdk/pico/pico-sdk/src/rp2_common/pico_float/float_aeabi_rp2040.S.obj
                0x10002e28                __wrap___aeabi_cfrcmple
                0x10002e34                __wrap___aeabi_cfcmple
                0x10002e34                __wrap___aeabi_cfcmpeq
 .text.__wrap___aeabi_fcmplt
                0x10002e78        0xc CMakeFiles/blink.dir/C_/VSARM/sdk/pico/pico-sdk/src/rp2_common/pico_float/float_aeabi_rp2040.S.obj
                0x10002e78                __wrap___aeabi_fcmplt
 .text.__wrap___aeabi_fcmple
                0x10002e84       0x10 CMakeFiles/blink.dir/C_/VSARM/sdk/pico/pico-sdk/src/rp2_common/pico_float/float_aeabi_rp2040.S.obj
                0x10002e84                __wrap___aeabi_fcmple
 .text.__wrap___aeabi_fcmpge
                0x10002e94       0x10 CMakeFiles/blink.dir/C_/VSARM/sdk/pico/pico-sdk/src/rp2_common/pico_float/float_aeabi_rp2040.S.obj
                0x10002e94                __wrap___aeabi_fcmpge
 .text.__wrap___aeabi_fcmpgt
                0x10002ea4        0xa CMakeFiles/blink.dir/C_/VSARM/sdk/pico/pico-sdk/src/rp2_common/pico_float/float_aeabi_rp2040.S.obj
                0x10002ea4                __wrap___aeabi_fcmpgt
 .text.__wrap___aeabi_ui2f
                0x10002eae        0xa CMakeFiles/blink.dir/C_/VSARM/sdk/pico/pico-sdk/src/rp2_common/pico_float/float_aeabi_rp2040.S.obj
                0x10002eae                __wrap___aeabi_ui2f
                0x10002eae                uint2float
 .text.__wrap___aeabi_i2f
                0x10002eb8       0x44 CMakeFiles/blink.dir/C_/VSARM/sdk/pico/pico-sdk/src/rp2_common/pico_float/float_aeabi_rp2040.S.obj
                0x10002eb8                __wrap___aeabi_i2f
                0x10002eb8                int2float
 .text.__wrap___aeabi_f2uiz
                0x10002efc       0x10 CMakeFiles/blink.dir/C_/VSARM/sdk/pico/pico-sdk/src/rp2_common/pico_float/float_aeabi_rp2040.S.obj
                0x10002efc                __wrap___aeabi_f2uiz
                0x10002efc                float2uint_z
 .text.__wrap___aeabi_f2d
                0x10002f0c       0x14 CMakeFiles/blink.dir/C_/VSARM/sdk/pico/pico-sdk/src/rp2_common/pico_float/float_aeabi_rp2040.S.obj
                0x10002f0c                __wrap___aeabi_f2d
 .text.__aeabi_float_init
                0x10002f20       0xfc CMakeFiles/blink.dir/C_/VSARM/sdk/pico/pico-sdk/src/rp2_common/pico_float/float_init_rom_rp2040.c.obj
                0x10002f20                __aeabi_float_init
 .text.float_table_shim_on_use_helper
                0x1000301c       0x34 CMakeFiles/blink.dir/C_/VSARM/sdk/pico/pico-sdk/src/rp2_common/pico_float/float_v1_rom_shim_rp2040.S.obj
                0x1000301c                float_table_shim_on_use_helper
 .text.float2double_shim
                0x10003050       0x30 CMakeFiles/blink.dir/C_/VSARM/sdk/pico/pico-sdk/src/rp2_common/pico_float/float_v1_rom_shim_rp2040.S.obj
                0x10003050                float2double_shim
 .text          0x10003080       0x10 CMakeFiles/blink.dir/C_/VSARM/sdk/pico/pico-sdk/src/rp2_common/pico_mem_ops/mem_ops_aeabi.S.obj
                0x10003080                __aeabi_mem_init
 .text.memset   0x10003090        0xc CMakeFiles/blink.dir/C_/VSARM/sdk/pico/pico-sdk/src/rp2_common/pico_mem_ops/mem_ops_aeabi.S.obj
                0x10003090                __wrap_memset
 .text.memcpy   0x1000309c        0xc CMakeFiles/blink.dir/C_/VSARM/sdk/pico/pico-sdk/src/rp2_common/pico_mem_ops/mem_ops_aeabi.S.obj
                0x1000309c                __wrap_memcpy
                0x1000309c                __wrap___aeabi_memcpy
 .text._out_null
                0x100030a8        0x2 CMakeFiles/blink.dir/C_/VSARM/sdk/pico/pico-sdk/src/rp2_common/pico_printf/printf.c.obj
 .text._out_fct
                0x100030aa        0xe CMakeFiles/blink.dir/C_/VSARM/sdk/pico/pico-sdk/src/rp2_common/pico_printf/printf.c.obj
 .text._atoi    0x100030b8       0x24 CMakeFiles/blink.dir/C_/VSARM/sdk/pico/pico-sdk/src/rp2_common/pico_printf/printf.c.obj
 .text._out_rev
                0x100030dc       0xae CMakeFiles/blink.dir/C_/VSARM/sdk/pico/pico-sdk/src/rp2_common/pico_printf/printf.c.obj
 .text._ntoa_format
                0x1000318a      0x112 CMakeFiles/blink.dir/C_/VSARM/sdk/pico/pico-sdk/src/rp2_common/pico_printf/printf.c.obj
 .text._ntoa_long
                0x1000329c       0xbc CMakeFiles/blink.dir/C_/VSARM/sdk/pico/pico-sdk/src/rp2_common/pico_printf/printf.c.obj
 .text._ntoa_long_long
                0x10003358       0xe2 CMakeFiles/blink.dir/C_/VSARM/sdk/pico/pico-sdk/src/rp2_common/pico_printf/printf.c.obj
 *fill*         0x1000343a        0x2 
 .text._etoa    0x1000343c      0x414 CMakeFiles/blink.dir/C_/VSARM/sdk/pico/pico-sdk/src/rp2_common/pico_printf/printf.c.obj
 .text._ftoa    0x10003850      0x354 CMakeFiles/blink.dir/C_/VSARM/sdk/pico/pico-sdk/src/rp2_common/pico_printf/printf.c.obj
 .text._vsnprintf
                0x10003ba4      0x624 CMakeFiles/blink.dir/C_/VSARM/sdk/pico/pico-sdk/src/rp2_common/pico_printf/printf.c.obj
 .text.vfctprintf
                0x100041c8       0x20 CMakeFiles/blink.dir/C_/VSARM/sdk/pico/pico-sdk/src/rp2_common/pico_printf/printf.c.obj
                0x100041c8                vfctprintf
 .text._exit    0x100041e8        0x4 CMakeFiles/blink.dir/C_/VSARM/sdk/pico/pico-sdk/src/rp2_common/pico_clib_interface/newlib_interface.c.obj
                0x100041e8                _exit
 .text.exit     0x100041ec        0x6 CMakeFiles/blink.dir/C_/VSARM/sdk/pico/pico-sdk/src/rp2_common/pico_clib_interface/newlib_interface.c.obj
                0x100041ec                exit
 *fill*         0x100041f2        0x2 
 .text.__assert_func
                0x100041f4       0x3c CMakeFiles/blink.dir/C_/VSARM/sdk/pico/pico-sdk/src/rp2_common/pico_clib_interface/newlib_interface.c.obj
                0x100041f4                __assert_func
 .text.runtime_init
                0x10004230       0x28 CMakeFiles/blink.dir/C_/VSARM/sdk/pico/pico-sdk/src/rp2_common/pico_clib_interface/newlib_interface.c.obj
                0x10004230                runtime_init
 .text.stdio_out_chars_no_crlf
                0x10004258        0xe CMakeFiles/blink.dir/C_/VSARM/sdk/pico/pico-sdk/src/rp2_common/pico_stdio/stdio.c.obj
 *fill*         0x10004266        0x2 
 .text.stdio_out_chars_crlf
                0x10004268       0x80 CMakeFiles/blink.dir/C_/VSARM/sdk/pico/pico-sdk/src/rp2_common/pico_stdio/stdio.c.obj
 .text.stdio_stack_buffer_flush
                0x100042e8       0x44 CMakeFiles/blink.dir/C_/VSARM/sdk/pico/pico-sdk/src/rp2_common/pico_stdio/stdio.c.obj
 .text.stdio_buffered_printer
                0x1000432c       0x20 CMakeFiles/blink.dir/C_/VSARM/sdk/pico/pico-sdk/src/rp2_common/pico_stdio/stdio.c.obj
 .text.stdout_serialize_begin
                0x1000434c       0x30 CMakeFiles/blink.dir/C_/VSARM/sdk/pico/pico-sdk/src/rp2_common/pico_stdio/stdio.c.obj
                0x1000434c                stdout_serialize_begin
 .text.stdout_serialize_end
                0x1000437c       0x10 CMakeFiles/blink.dir/C_/VSARM/sdk/pico/pico-sdk/src/rp2_common/pico_stdio/stdio.c.obj
                0x1000437c                stdout_serialize_end
 .text.stdio_put_string
                0x1000438c       0x94 CMakeFiles/blink.dir/C_/VSARM/sdk/pico/pico-sdk/src/rp2_common/pico_stdio/stdio.c.obj
                0x1000438c                stdio_put_string
 .text.stdio_set_driver_enabled
                0x10004420       0x2c CMakeFiles/blink.dir/C_/VSARM/sdk/pico/pico-sdk/src/rp2_common/pico_stdio/stdio.c.obj
                0x10004420                stdio_set_driver_enabled
 .text.stdio_flush
                0x1000444c       0x20 CMakeFiles/blink.dir/C_/VSARM/sdk/pico/pico-sdk/src/rp2_common/pico_stdio/stdio.c.obj
                0x1000444c                stdio_flush
 .text.stdio_init_all
                0x1000446c        0x8 CMakeFiles/blink.dir/C_/VSARM/sdk/pico/pico-sdk/src/rp2_common/pico_stdio/stdio.c.obj
                0x1000446c                stdio_init_all
 .text.__wrap_puts
                0x10004474       0x1e CMakeFiles/blink.dir/C_/VSARM/sdk/pico/pico-sdk/src/rp2_common/pico_stdio/stdio.c.obj
                0x10004474                stdio_puts
                0x10004474                __wrap_puts
 *fill*         0x10004492        0x2 
 .text.__wrap_vprintf
                0x10004494       0x40 CMakeFiles/blink.dir/C_/VSARM/sdk/pico/pico-sdk/src/rp2_common/pico_stdio/stdio.c.obj
                0x10004494                stdio_vprintf
                0x10004494                __wrap_vprintf
 .text.__wrap_printf
                0x100044d4       0x18 CMakeFiles/blink.dir/C_/VSARM/sdk/pico/pico-sdk/src/rp2_common/pico_stdio/stdio.c.obj
                0x100044d4                __wrap_printf
                0x100044d4                stdio_printf
 .text.resetd_init
                0x100044ec        0x2 CMakeFiles/blink.dir/C_/VSARM/sdk/pico/pico-sdk/src/rp2_common/pico_stdio_usb/reset_interface.c.obj
 *fill*         0x100044ee        0x2 
 .text.resetd_reset
                0x100044f0        0xc CMakeFiles/blink.dir/C_/VSARM/sdk/pico/pico-sdk/src/rp2_common/pico_stdio_usb/reset_interface.c.obj
 .text.resetd_open
                0x100044fc       0x34 CMakeFiles/blink.dir/C_/VSARM/sdk/pico/pico-sdk/src/rp2_common/pico_stdio_usb/reset_interface.c.obj
 .text.resetd_xfer_cb
                0x10004530        0x4 CMakeFiles/blink.dir/C_/VSARM/sdk/pico/pico-sdk/src/rp2_common/pico_stdio_usb/reset_interface.c.obj
 .text.resetd_control_xfer_cb
                0x10004534       0x5c CMakeFiles/blink.dir/C_/VSARM/sdk/pico/pico-sdk/src/rp2_common/pico_stdio_usb/reset_interface.c.obj
 .text.tud_descriptor_bos_cb
                0x10004590        0x8 CMakeFiles/blink.dir/C_/VSARM/sdk/pico/pico-sdk/src/rp2_common/pico_stdio_usb/reset_interface.c.obj
                0x10004590                tud_descriptor_bos_cb
 .text.tud_vendor_control_xfer_cb
                0x10004598       0x38 CMakeFiles/blink.dir/C_/VSARM/sdk/pico/pico-sdk/src/rp2_common/pico_stdio_usb/reset_interface.c.obj
                0x10004598                tud_vendor_control_xfer_cb
 .text.usbd_app_driver_get_cb
                0x100045d0        0xc CMakeFiles/blink.dir/C_/VSARM/sdk/pico/pico-sdk/src/rp2_common/pico_stdio_usb/reset_interface.c.obj
                0x100045d0                usbd_app_driver_get_cb
 .text.tud_cdc_line_coding_cb
                0x100045dc       0x28 CMakeFiles/blink.dir/C_/VSARM/sdk/pico/pico-sdk/src/rp2_common/pico_stdio_usb/reset_interface.c.obj
                0x100045dc                tud_cdc_line_coding_cb
 .text.stdio_usb_set_chars_available_callback
                0x10004604       0x14 CMakeFiles/blink.dir/C_/VSARM/sdk/pico/pico-sdk/src/rp2_common/pico_stdio_usb/stdio_usb.c.obj
                0x10004604                stdio_usb_set_chars_available_callback
 .text.stdio_usb_out_flush
                0x10004618       0x4c CMakeFiles/blink.dir/C_/VSARM/sdk/pico/pico-sdk/src/rp2_common/pico_stdio_usb/stdio_usb.c.obj
 .text.usb_irq  0x10004664       0x10 CMakeFiles/blink.dir/C_/VSARM/sdk/pico/pico-sdk/src/rp2_common/pico_stdio_usb/stdio_usb.c.obj
 .text.low_priority_worker_irq
                0x10004674       0xd0 CMakeFiles/blink.dir/C_/VSARM/sdk/pico/pico-sdk/src/rp2_common/pico_stdio_usb/stdio_usb.c.obj
 .text.timer_task
                0x10004744       0x6c CMakeFiles/blink.dir/C_/VSARM/sdk/pico/pico-sdk/src/rp2_common/pico_stdio_usb/stdio_usb.c.obj
 .text.stdio_usb_init
                0x100047b0       0xfc CMakeFiles/blink.dir/C_/VSARM/sdk/pico/pico-sdk/src/rp2_common/pico_stdio_usb/stdio_usb.c.obj
                0x100047b0                stdio_usb_init
 .text.stdio_usb_connected
                0x100048ac        0xa CMakeFiles/blink.dir/C_/VSARM/sdk/pico/pico-sdk/src/rp2_common/pico_stdio_usb/stdio_usb.c.obj
                0x100048ac                stdio_usb_connected
 *fill*         0x100048b6        0x2 
 .text.stdio_usb_in_chars
                0x100048b8       0x98 CMakeFiles/blink.dir/C_/VSARM/sdk/pico/pico-sdk/src/rp2_common/pico_stdio_usb/stdio_usb.c.obj
                0x100048b8                stdio_usb_in_chars
 .text.stdio_usb_out_chars
                0x10004950       0xe8 CMakeFiles/blink.dir/C_/VSARM/sdk/pico/pico-sdk/src/rp2_common/pico_stdio_usb/stdio_usb.c.obj
 .text.tud_descriptor_device_cb
                0x10004a38        0x8 CMakeFiles/blink.dir/C_/VSARM/sdk/pico/pico-sdk/src/rp2_common/pico_stdio_usb/stdio_usb_descriptors.c.obj
                0x10004a38                tud_descriptor_device_cb
 .text.tud_descriptor_configuration_cb
                0x10004a40        0x8 CMakeFiles/blink.dir/C_/VSARM/sdk/pico/pico-sdk/src/rp2_common/pico_stdio_usb/stdio_usb_descriptors.c.obj
                0x10004a40                tud_descriptor_configuration_cb
 .text.tud_descriptor_string_cb
                0x10004a48       0x6c CMakeFiles/blink.dir/C_/VSARM/sdk/pico/pico-sdk/src/rp2_common/pico_stdio_usb/stdio_usb_descriptors.c.obj
                0x10004a48                tud_descriptor_string_cb
 .text._retrieve_unique_id_on_boot
                0x10004ab4       0x10 CMakeFiles/blink.dir/C_/VSARM/sdk/pico/pico-sdk/src/rp2_common/pico_unique_id/unique_id.c.obj
 .text.pico_get_unique_board_id_string
                0x10004ac4       0x60 CMakeFiles/blink.dir/C_/VSARM/sdk/pico/pico-sdk/src/rp2_common/pico_unique_id/unique_id.c.obj
                0x10004ac4                pico_get_unique_board_id_string
 .text.flash_get_unique_id
                0x10004b24       0x46 CMakeFiles/blink.dir/C_/VSARM/sdk/pico/pico-sdk/src/rp2_common/hardware_flash/flash.c.obj
                0x10004b24                flash_get_unique_id
 *fill*         0x10004b6a        0x2 
 .text._hw_endpoint_alloc
                0x10004b6c       0x70 CMakeFiles/blink.dir/C_/VSARM/sdk/pico/pico-sdk/lib/tinyusb/src/portable/raspberrypi/rp2040/dcd_rp2040.c.obj
 .text.hw_endpoint_init
                0x10004bdc       0xc4 CMakeFiles/blink.dir/C_/VSARM/sdk/pico/pico-sdk/lib/tinyusb/src/portable/raspberrypi/rp2040/dcd_rp2040.c.obj
 .text.hw_endpoint_xfer
                0x10004ca0       0x20 CMakeFiles/blink.dir/C_/VSARM/sdk/pico/pico-sdk/lib/tinyusb/src/portable/raspberrypi/rp2040/dcd_rp2040.c.obj
 .text.dcd_int_enable
                0x10004cc0       0x2c CMakeFiles/blink.dir/C_/VSARM/sdk/pico/pico-sdk/lib/tinyusb/src/portable/raspberrypi/rp2040/dcd_rp2040.c.obj
                0x10004cc0                dcd_int_enable
 .text.dcd_set_address
                0x10004cec       0x2c CMakeFiles/blink.dir/C_/VSARM/sdk/pico/pico-sdk/lib/tinyusb/src/portable/raspberrypi/rp2040/dcd_rp2040.c.obj
                0x10004cec                dcd_set_address
 .text.dcd_connect
                0x10004d18       0x10 CMakeFiles/blink.dir/C_/VSARM/sdk/pico/pico-sdk/lib/tinyusb/src/portable/raspberrypi/rp2040/dcd_rp2040.c.obj
                0x10004d18                dcd_connect
 .text.dcd_init
                0x10004d28       0x80 CMakeFiles/blink.dir/C_/VSARM/sdk/pico/pico-sdk/lib/tinyusb/src/portable/raspberrypi/rp2040/dcd_rp2040.c.obj
                0x10004d28                dcd_init
 .text.dcd_sof_enable
                0x10004da8       0x1c CMakeFiles/blink.dir/C_/VSARM/sdk/pico/pico-sdk/lib/tinyusb/src/portable/raspberrypi/rp2040/dcd_rp2040.c.obj
                0x10004da8                dcd_sof_enable
 .text.dcd_edpt0_status_complete
                0x10004dc4       0x1c CMakeFiles/blink.dir/C_/VSARM/sdk/pico/pico-sdk/lib/tinyusb/src/portable/raspberrypi/rp2040/dcd_rp2040.c.obj
                0x10004dc4                dcd_edpt0_status_complete
 .text.dcd_edpt_open
                0x10004de0       0x40 CMakeFiles/blink.dir/C_/VSARM/sdk/pico/pico-sdk/lib/tinyusb/src/portable/raspberrypi/rp2040/dcd_rp2040.c.obj
                0x10004de0                dcd_edpt_open
 .text.dcd_edpt_close_all
                0x10004e20        0x8 CMakeFiles/blink.dir/C_/VSARM/sdk/pico/pico-sdk/lib/tinyusb/src/portable/raspberrypi/rp2040/dcd_rp2040.c.obj
                0x10004e20                dcd_edpt_close_all
 .text.dcd_edpt_xfer
                0x10004e28       0x30 CMakeFiles/blink.dir/C_/VSARM/sdk/pico/pico-sdk/lib/tinyusb/src/portable/raspberrypi/rp2040/dcd_rp2040.c.obj
                0x10004e28                dcd_edpt_xfer
 .text.dcd_edpt_stall
                0x10004e58       0x3c CMakeFiles/blink.dir/C_/VSARM/sdk/pico/pico-sdk/lib/tinyusb/src/portable/raspberrypi/rp2040/dcd_rp2040.c.obj
                0x10004e58                dcd_edpt_stall
 .text.dcd_edpt_clear_stall
                0x10004e94       0x30 CMakeFiles/blink.dir/C_/VSARM/sdk/pico/pico-sdk/lib/tinyusb/src/portable/raspberrypi/rp2040/dcd_rp2040.c.obj
                0x10004e94                dcd_edpt_clear_stall
 .text.unaligned_memcpy
                0x10004ec4       0x14 CMakeFiles/blink.dir/C_/VSARM/sdk/pico/pico-sdk/lib/tinyusb/src/portable/raspberrypi/rp2040/rp2040_usb.c.obj
 .text.rp2040_usb_init
                0x10004ed8       0x44 CMakeFiles/blink.dir/C_/VSARM/sdk/pico/pico-sdk/lib/tinyusb/src/portable/raspberrypi/rp2040/rp2040_usb.c.obj
                0x10004ed8                rp2040_usb_init
 .text.hw_endpoint_xfer_start
                0x10004f1c       0x60 CMakeFiles/blink.dir/C_/VSARM/sdk/pico/pico-sdk/lib/tinyusb/src/portable/raspberrypi/rp2040/rp2040_usb.c.obj
                0x10004f1c                hw_endpoint_xfer_start
 .text.configuration_reset
                0x10004f7c       0x84 CMakeFiles/blink.dir/C_/VSARM/sdk/pico/pico-sdk/lib/tinyusb/src/device/usbd.c.obj
 .text.usbd_reset
                0x10005000        0xc CMakeFiles/blink.dir/C_/VSARM/sdk/pico/pico-sdk/lib/tinyusb/src/device/usbd.c.obj
 .text.invoke_class_control
                0x1000500c       0x1a CMakeFiles/blink.dir/C_/VSARM/sdk/pico/pico-sdk/lib/tinyusb/src/device/usbd.c.obj
 *fill*         0x10005026        0x2 
 .text.process_set_config
                0x10005028      0x19c CMakeFiles/blink.dir/C_/VSARM/sdk/pico/pico-sdk/lib/tinyusb/src/device/usbd.c.obj
 .text.tud_event_hook_cb
                0x100051c4        0x2 CMakeFiles/blink.dir/C_/VSARM/sdk/pico/pico-sdk/lib/tinyusb/src/device/usbd.c.obj
                0x100051c4                tud_event_hook_cb
 .text.tud_sof_cb
                0x100051c6        0x2 CMakeFiles/blink.dir/C_/VSARM/sdk/pico/pico-sdk/lib/tinyusb/src/device/usbd.c.obj
                0x100051c6                tud_sof_cb
 .text.tud_descriptor_device_qualifier_cb
                0x100051c8        0x4 CMakeFiles/blink.dir/C_/VSARM/sdk/pico/pico-sdk/lib/tinyusb/src/device/usbd.c.obj
                0x100051c8                tud_descriptor_device_qualifier_cb
 .text.tud_descriptor_other_speed_configuration_cb
                0x100051cc        0x4 CMakeFiles/blink.dir/C_/VSARM/sdk/pico/pico-sdk/lib/tinyusb/src/device/usbd.c.obj
                0x100051cc                tud_descriptor_other_speed_configuration_cb
 .text.process_get_descriptor
                0x100051d0       0xe0 CMakeFiles/blink.dir/C_/VSARM/sdk/pico/pico-sdk/lib/tinyusb/src/device/usbd.c.obj
 .text.tud_mount_cb
                0x100052b0        0x2 CMakeFiles/blink.dir/C_/VSARM/sdk/pico/pico-sdk/lib/tinyusb/src/device/usbd.c.obj
                0x100052b0                tud_mount_cb
 .text.tud_umount_cb
                0x100052b2        0x2 CMakeFiles/blink.dir/C_/VSARM/sdk/pico/pico-sdk/lib/tinyusb/src/device/usbd.c.obj
                0x100052b2                tud_umount_cb
 .text.tud_suspend_cb
                0x100052b4        0x2 CMakeFiles/blink.dir/C_/VSARM/sdk/pico/pico-sdk/lib/tinyusb/src/device/usbd.c.obj
                0x100052b4                tud_suspend_cb
 .text.tud_resume_cb
                0x100052b6        0x2 CMakeFiles/blink.dir/C_/VSARM/sdk/pico/pico-sdk/lib/tinyusb/src/device/usbd.c.obj
                0x100052b6                tud_resume_cb
 .text.tud_mounted
                0x100052b8       0x10 CMakeFiles/blink.dir/C_/VSARM/sdk/pico/pico-sdk/lib/tinyusb/src/device/usbd.c.obj
                0x100052b8                tud_mounted
 .text.tud_suspended
                0x100052c8       0x10 CMakeFiles/blink.dir/C_/VSARM/sdk/pico/pico-sdk/lib/tinyusb/src/device/usbd.c.obj
                0x100052c8                tud_suspended
 .text.tud_inited
                0x100052d8       0x14 CMakeFiles/blink.dir/C_/VSARM/sdk/pico/pico-sdk/lib/tinyusb/src/device/usbd.c.obj
                0x100052d8                tud_inited
 .text.tud_init
                0x100052ec       0xdc CMakeFiles/blink.dir/C_/VSARM/sdk/pico/pico-sdk/lib/tinyusb/src/device/usbd.c.obj
                0x100052ec                tud_init
 .text.usbd_edpt_open
                0x100053c8       0x60 CMakeFiles/blink.dir/C_/VSARM/sdk/pico/pico-sdk/lib/tinyusb/src/device/usbd.c.obj
                0x100053c8                usbd_edpt_open
 .text.usbd_open_edpt_pair
                0x10005428       0x8c CMakeFiles/blink.dir/C_/VSARM/sdk/pico/pico-sdk/lib/tinyusb/src/device/usbd.c.obj
                0x10005428                usbd_open_edpt_pair
 .text.usbd_edpt_claim
                0x100054b4       0x28 CMakeFiles/blink.dir/C_/VSARM/sdk/pico/pico-sdk/lib/tinyusb/src/device/usbd.c.obj
                0x100054b4                usbd_edpt_claim
 .text.usbd_edpt_release
                0x100054dc       0x28 CMakeFiles/blink.dir/C_/VSARM/sdk/pico/pico-sdk/lib/tinyusb/src/device/usbd.c.obj
                0x100054dc                usbd_edpt_release
 .text.usbd_edpt_xfer
                0x10005504       0x88 CMakeFiles/blink.dir/C_/VSARM/sdk/pico/pico-sdk/lib/tinyusb/src/device/usbd.c.obj
                0x10005504                usbd_edpt_xfer
 .text.usbd_edpt_stall
                0x1000558c       0x34 CMakeFiles/blink.dir/C_/VSARM/sdk/pico/pico-sdk/lib/tinyusb/src/device/usbd.c.obj
                0x1000558c                usbd_edpt_stall
 .text.usbd_edpt_clear_stall
                0x100055c0       0x34 CMakeFiles/blink.dir/C_/VSARM/sdk/pico/pico-sdk/lib/tinyusb/src/device/usbd.c.obj
                0x100055c0                usbd_edpt_clear_stall
 .text.usbd_edpt_stalled
                0x100055f4       0x1c CMakeFiles/blink.dir/C_/VSARM/sdk/pico/pico-sdk/lib/tinyusb/src/device/usbd.c.obj
                0x100055f4                usbd_edpt_stalled
 .text.process_control_request
                0x10005610      0x394 CMakeFiles/blink.dir/C_/VSARM/sdk/pico/pico-sdk/lib/tinyusb/src/device/usbd.c.obj
 .text.tud_task_ext
                0x100059a4      0x1d8 CMakeFiles/blink.dir/C_/VSARM/sdk/pico/pico-sdk/lib/tinyusb/src/device/usbd.c.obj
                0x100059a4                tud_task_ext
 .text._data_stage_xact
                0x10005b7c       0x60 CMakeFiles/blink.dir/C_/VSARM/sdk/pico/pico-sdk/lib/tinyusb/src/device/usbd_control.c.obj
 .text.tud_control_status
                0x10005bdc       0x38 CMakeFiles/blink.dir/C_/VSARM/sdk/pico/pico-sdk/lib/tinyusb/src/device/usbd_control.c.obj
                0x10005bdc                tud_control_status
 .text.tud_control_xfer
                0x10005c14       0xa8 CMakeFiles/blink.dir/C_/VSARM/sdk/pico/pico-sdk/lib/tinyusb/src/device/usbd_control.c.obj
                0x10005c14                tud_control_xfer
 .text.usbd_control_reset
                0x10005cbc       0x14 CMakeFiles/blink.dir/C_/VSARM/sdk/pico/pico-sdk/lib/tinyusb/src/device/usbd_control.c.obj
                0x10005cbc                usbd_control_reset
 .text.usbd_control_set_complete_callback
                0x10005cd0        0xc CMakeFiles/blink.dir/C_/VSARM/sdk/pico/pico-sdk/lib/tinyusb/src/device/usbd_control.c.obj
                0x10005cd0                usbd_control_set_complete_callback
 .text.usbd_control_set_request
                0x10005cdc       0x1c CMakeFiles/blink.dir/C_/VSARM/sdk/pico/pico-sdk/lib/tinyusb/src/device/usbd_control.c.obj
                0x10005cdc                usbd_control_set_request
 .text.usbd_control_xfer_cb
                0x10005cf8       0xf4 CMakeFiles/blink.dir/C_/VSARM/sdk/pico/pico-sdk/lib/tinyusb/src/device/usbd_control.c.obj
                0x10005cf8                usbd_control_xfer_cb
 .text._prep_out_transaction
                0x10005dec       0x72 CMakeFiles/blink.dir/C_/VSARM/sdk/pico/pico-sdk/lib/tinyusb/src/class/cdc/cdc_device.c.obj
 *fill*         0x10005e5e        0x2 
 .text.tud_cdc_n_connected
                0x10005e60       0x44 CMakeFiles/blink.dir/C_/VSARM/sdk/pico/pico-sdk/lib/tinyusb/src/class/cdc/cdc_device.c.obj
                0x10005e60                tud_cdc_n_connected
 .text.tud_cdc_n_available
                0x10005ea4       0x18 CMakeFiles/blink.dir/C_/VSARM/sdk/pico/pico-sdk/lib/tinyusb/src/class/cdc/cdc_device.c.obj
                0x10005ea4                tud_cdc_n_available
 .text.tud_cdc_n_read
                0x10005ebc       0x38 CMakeFiles/blink.dir/C_/VSARM/sdk/pico/pico-sdk/lib/tinyusb/src/class/cdc/cdc_device.c.obj
                0x10005ebc                tud_cdc_n_read
 .text.tud_cdc_n_write_flush
                0x10005ef4       0xcc CMakeFiles/blink.dir/C_/VSARM/sdk/pico/pico-sdk/lib/tinyusb/src/class/cdc/cdc_device.c.obj
                0x10005ef4                tud_cdc_n_write_flush
 .text.tud_cdc_n_write
                0x10005fc0       0x48 CMakeFiles/blink.dir/C_/VSARM/sdk/pico/pico-sdk/lib/tinyusb/src/class/cdc/cdc_device.c.obj
                0x10005fc0                tud_cdc_n_write
 .text.tud_cdc_n_write_available
                0x10006008       0x1c CMakeFiles/blink.dir/C_/VSARM/sdk/pico/pico-sdk/lib/tinyusb/src/class/cdc/cdc_device.c.obj
                0x10006008                tud_cdc_n_write_available
 .text.cdcd_init
                0x10006024       0xc0 CMakeFiles/blink.dir/C_/VSARM/sdk/pico/pico-sdk/lib/tinyusb/src/class/cdc/cdc_device.c.obj
                0x10006024                cdcd_init
 .text.cdcd_deinit
                0x100060e4       0x50 CMakeFiles/blink.dir/C_/VSARM/sdk/pico/pico-sdk/lib/tinyusb/src/class/cdc/cdc_device.c.obj
                0x100060e4                cdcd_deinit
 .text.cdcd_reset
                0x10006134       0x78 CMakeFiles/blink.dir/C_/VSARM/sdk/pico/pico-sdk/lib/tinyusb/src/class/cdc/cdc_device.c.obj
                0x10006134                cdcd_reset
 .text.cdcd_open
                0x100061ac       0xf8 CMakeFiles/blink.dir/C_/VSARM/sdk/pico/pico-sdk/lib/tinyusb/src/class/cdc/cdc_device.c.obj
                0x100061ac                cdcd_open
 .text.cdcd_control_xfer_cb
                0x100062a4      0x138 CMakeFiles/blink.dir/C_/VSARM/sdk/pico/pico-sdk/lib/tinyusb/src/class/cdc/cdc_device.c.obj
                0x100062a4                cdcd_control_xfer_cb
 .text.cdcd_xfer_cb
                0x100063dc      0x144 CMakeFiles/blink.dir/C_/VSARM/sdk/pico/pico-sdk/lib/tinyusb/src/class/cdc/cdc_device.c.obj
                0x100063dc                cdcd_xfer_cb
 .text._prep_out_transaction
                0x10006520       0x3a CMakeFiles/blink.dir/C_/VSARM/sdk/pico/pico-sdk/lib/tinyusb/src/class/vendor/vendor_device.c.obj
 *fill*         0x1000655a        0x2 
 .text.tud_vendor_n_write_flush
                0x1000655c       0xcc CMakeFiles/blink.dir/C_/VSARM/sdk/pico/pico-sdk/lib/tinyusb/src/class/vendor/vendor_device.c.obj
                0x1000655c                tud_vendor_n_write_flush
 .text.vendord_init
                0x10006628       0xa0 CMakeFiles/blink.dir/C_/VSARM/sdk/pico/pico-sdk/lib/tinyusb/src/class/vendor/vendor_device.c.obj
                0x10006628                vendord_init
 .text.vendord_deinit
                0x100066c8       0x50 CMakeFiles/blink.dir/C_/VSARM/sdk/pico/pico-sdk/lib/tinyusb/src/class/vendor/vendor_device.c.obj
                0x100066c8                vendord_deinit
 .text.vendord_reset
                0x10006718       0x38 CMakeFiles/blink.dir/C_/VSARM/sdk/pico/pico-sdk/lib/tinyusb/src/class/vendor/vendor_device.c.obj
                0x10006718                vendord_reset
 .text.vendord_open
                0x10006750       0xd8 CMakeFiles/blink.dir/C_/VSARM/sdk/pico/pico-sdk/lib/tinyusb/src/class/vendor/vendor_device.c.obj
                0x10006750                vendord_open
 .text.vendord_xfer_cb
                0x10006828       0xc8 CMakeFiles/blink.dir/C_/VSARM/sdk/pico/pico-sdk/lib/tinyusb/src/class/vendor/vendor_device.c.obj
                0x10006828                vendord_xfer_cb
 .text.tusb_init
                0x100068f0       0x24 CMakeFiles/blink.dir/C_/VSARM/sdk/pico/pico-sdk/lib/tinyusb/src/tusb.c.obj
                0x100068f0                tusb_init
 .text.tu_edpt_claim
                0x10006914       0x50 CMakeFiles/blink.dir/C_/VSARM/sdk/pico/pico-sdk/lib/tinyusb/src/tusb.c.obj
                0x10006914                tu_edpt_claim
 .text.tu_edpt_release
                0x10006964       0x3c CMakeFiles/blink.dir/C_/VSARM/sdk/pico/pico-sdk/lib/tinyusb/src/tusb.c.obj
                0x10006964                tu_edpt_release
 .text.tu_edpt_validate
                0x100069a0       0xac CMakeFiles/blink.dir/C_/VSARM/sdk/pico/pico-sdk/lib/tinyusb/src/tusb.c.obj
                0x100069a0                tu_edpt_validate
 .text.tu_edpt_bind_driver
                0x10006a4c       0x26 CMakeFiles/blink.dir/C_/VSARM/sdk/pico/pico-sdk/lib/tinyusb/src/tusb.c.obj
                0x10006a4c                tu_edpt_bind_driver
 .text.advance_index
                0x10006a72       0x1a CMakeFiles/blink.dir/C_/VSARM/sdk/pico/pico-sdk/lib/tinyusb/src/common/tusb_fifo.c.obj
 .text._tu_fifo_peek
                0x10006a8c       0x56 CMakeFiles/blink.dir/C_/VSARM/sdk/pico/pico-sdk/lib/tinyusb/src/common/tusb_fifo.c.obj
 .text._ff_pull_n
                0x10006ae2       0x68 CMakeFiles/blink.dir/C_/VSARM/sdk/pico/pico-sdk/lib/tinyusb/src/common/tusb_fifo.c.obj
 .text._tu_fifo_peek_n
                0x10006b4a       0x6a CMakeFiles/blink.dir/C_/VSARM/sdk/pico/pico-sdk/lib/tinyusb/src/common/tusb_fifo.c.obj
 .text._tu_fifo_read_n
                0x10006bb4       0x4e CMakeFiles/blink.dir/C_/VSARM/sdk/pico/pico-sdk/lib/tinyusb/src/common/tusb_fifo.c.obj
 .text._ff_push_n
                0x10006c02       0x68 CMakeFiles/blink.dir/C_/VSARM/sdk/pico/pico-sdk/lib/tinyusb/src/common/tusb_fifo.c.obj
 .text._tu_fifo_write_n
                0x10006c6a       0xf0 CMakeFiles/blink.dir/C_/VSARM/sdk/pico/pico-sdk/lib/tinyusb/src/common/tusb_fifo.c.obj
 .text.tu_fifo_config
                0x10006d5a       0x7c CMakeFiles/blink.dir/C_/VSARM/sdk/pico/pico-sdk/lib/tinyusb/src/common/tusb_fifo.c.obj
                0x10006d5a                tu_fifo_config
 .text.tu_fifo_count
                0x10006dd6       0x2a CMakeFiles/blink.dir/C_/VSARM/sdk/pico/pico-sdk/lib/tinyusb/src/common/tusb_fifo.c.obj
                0x10006dd6                tu_fifo_count
 .text.tu_fifo_empty
                0x10006e00       0x10 CMakeFiles/blink.dir/C_/VSARM/sdk/pico/pico-sdk/lib/tinyusb/src/common/tusb_fifo.c.obj
                0x10006e00                tu_fifo_empty
 .text.tu_fifo_full
                0x10006e10       0x28 CMakeFiles/blink.dir/C_/VSARM/sdk/pico/pico-sdk/lib/tinyusb/src/common/tusb_fifo.c.obj
                0x10006e10                tu_fifo_full
 .text.tu_fifo_remaining
                0x10006e38       0x2c CMakeFiles/blink.dir/C_/VSARM/sdk/pico/pico-sdk/lib/tinyusb/src/common/tusb_fifo.c.obj
                0x10006e38                tu_fifo_remaining
 .text.tu_fifo_read
                0x10006e64       0x42 CMakeFiles/blink.dir/C_/VSARM/sdk/pico/pico-sdk/lib/tinyusb/src/common/tusb_fifo.c.obj
                0x10006e64                tu_fifo_read
 .text.tu_fifo_read_n
                0x10006ea6        0xa CMakeFiles/blink.dir/C_/VSARM/sdk/pico/pico-sdk/lib/tinyusb/src/common/tusb_fifo.c.obj
                0x10006ea6                tu_fifo_read_n
 .text.tu_fifo_write
                0x10006eb0       0x64 CMakeFiles/blink.dir/C_/VSARM/sdk/pico/pico-sdk/lib/tinyusb/src/common/tusb_fifo.c.obj
                0x10006eb0                tu_fifo_write
 .text.tu_fifo_write_n
                0x10006f14        0xa CMakeFiles/blink.dir/C_/VSARM/sdk/pico/pico-sdk/lib/tinyusb/src/common/tusb_fifo.c.obj
                0x10006f14                tu_fifo_write_n
 .text.tu_fifo_clear
                0x10006f1e       0x3e CMakeFiles/blink.dir/C_/VSARM/sdk/pico/pico-sdk/lib/tinyusb/src/common/tusb_fifo.c.obj
                0x10006f1e                tu_fifo_clear
 .text.tu_fifo_set_overwritable
                0x10006f5c       0x46 CMakeFiles/blink.dir/C_/VSARM/sdk/pico/pico-sdk/lib/tinyusb/src/common/tusb_fifo.c.obj
                0x10006f5c                tu_fifo_set_overwritable
 *fill*         0x10006fa2        0x2 
 .text.adc_init
                0x10006fa4       0x34 CMakeFiles/blink.dir/C_/VSARM/sdk/pico/pico-sdk/src/rp2_common/hardware_adc/adc.c.obj
                0x10006fa4                adc_init
 .text.prvHeapInit
                0x10006fd8       0x58 CMakeFiles/blink.dir/__/lib/FreeRTOS-Kernel/portable/MemMang/heap_4.c.obj
 .text.prvInsertBlockIntoFreeList
                0x10007030       0x88 CMakeFiles/blink.dir/__/lib/FreeRTOS-Kernel/portable/MemMang/heap_4.c.obj
 .text.pvPortMalloc
                0x100070b8      0x188 CMakeFiles/blink.dir/__/lib/FreeRTOS-Kernel/portable/MemMang/heap_4.c.obj
                0x100070b8                pvPortMalloc
 .text.vPortFree
                0x10007240       0xa8 CMakeFiles/blink.dir/__/lib/FreeRTOS-Kernel/portable/MemMang/heap_4.c.obj
                0x10007240                vPortFree
 .text.vPortSVCHandler
                0x100072e8        0x2 CMakeFiles/blink.dir/__/lib/FreeRTOS-Kernel/portable/ThirdParty/GCC/RP2040/port.c.obj
                0x100072e8                vPortSVCHandler
 *fill*         0x100072ea        0x6 
 .text.vPortStartFirstTask
                0x100072f0       0x34 CMakeFiles/blink.dir/__/lib/FreeRTOS-Kernel/portable/ThirdParty/GCC/RP2040/port.c.obj
 *fill*         0x10007324        0xc 
 .text.xPortPendSVHandler
                0x10007330       0x64 CMakeFiles/blink.dir/__/lib/FreeRTOS-Kernel/portable/ThirdParty/GCC/RP2040/port.c.obj
                0x10007330                xPortPendSVHandler
 .text.prvTaskExitError
                0x10007394        0x6 CMakeFiles/blink.dir/__/lib/FreeRTOS-Kernel/portable/ThirdParty/GCC/RP2040/port.c.obj
 *fill*         0x1000739a        0x2 
 .text.prvFIFOInterruptHandler
                0x1000739c       0x78 CMakeFiles/blink.dir/__/lib/FreeRTOS-Kernel/portable/ThirdParty/GCC/RP2040/port.c.obj
 .text.prvGetTicksToWaitBefore
                0x10007414       0x3c CMakeFiles/blink.dir/__/lib/FreeRTOS-Kernel/portable/ThirdParty/GCC/RP2040/port.c.obj
 .text.pxPortInitialiseStack
                0x10007450       0x20 CMakeFiles/blink.dir/__/lib/FreeRTOS-Kernel/portable/ThirdParty/GCC/RP2040/port.c.obj
                0x10007450                pxPortInitialiseStack
 .text.vPortYield
                0x10007470       0x40 CMakeFiles/blink.dir/__/lib/FreeRTOS-Kernel/portable/ThirdParty/GCC/RP2040/port.c.obj
                0x10007470                vPortYield
 .text.vPortEnterCritical
                0x100074b0       0x18 CMakeFiles/blink.dir/__/lib/FreeRTOS-Kernel/portable/ThirdParty/GCC/RP2040/port.c.obj
                0x100074b0                vPortEnterCritical
 .text.vPortEnableInterrupts
                0x100074c8       0x28 CMakeFiles/blink.dir/__/lib/FreeRTOS-Kernel/portable/ThirdParty/GCC/RP2040/port.c.obj
                0x100074c8                vPortEnableInterrupts
 .text.vPortExitCritical
                0x100074f0       0x3c CMakeFiles/blink.dir/__/lib/FreeRTOS-Kernel/portable/ThirdParty/GCC/RP2040/port.c.obj
                0x100074f0                vPortExitCritical
 .text.ulSetInterruptMaskFromISR
                0x1000752c        0x8 CMakeFiles/blink.dir/__/lib/FreeRTOS-Kernel/portable/ThirdParty/GCC/RP2040/port.c.obj
                0x1000752c                ulSetInterruptMaskFromISR
 .text.vClearInterruptMaskFromISR
                0x10007534        0x6 CMakeFiles/blink.dir/__/lib/FreeRTOS-Kernel/portable/ThirdParty/GCC/RP2040/port.c.obj
                0x10007534                vClearInterruptMaskFromISR
 *fill*         0x1000753a        0x2 
 .text.xPortSysTickHandler
                0x1000753c       0x24 CMakeFiles/blink.dir/__/lib/FreeRTOS-Kernel/portable/ThirdParty/GCC/RP2040/port.c.obj
                0x1000753c                xPortSysTickHandler
 .text.vPortSetupTimerInterrupt
                0x10007560       0x34 CMakeFiles/blink.dir/__/lib/FreeRTOS-Kernel/portable/ThirdParty/GCC/RP2040/port.c.obj
                0x10007560                vPortSetupTimerInterrupt
 .text.xPortStartScheduler
                0x10007594       0xa4 CMakeFiles/blink.dir/__/lib/FreeRTOS-Kernel/portable/ThirdParty/GCC/RP2040/port.c.obj
                0x10007594                xPortStartScheduler
 .text.ulPortLockGetCurrentOwnerId
                0x10007638       0x2c CMakeFiles/blink.dir/__/lib/FreeRTOS-Kernel/portable/ThirdParty/GCC/RP2040/port.c.obj
                0x10007638                ulPortLockGetCurrentOwnerId
 .text.vPortLockInternalSpinUnlockWithWait
                0x10007664       0xc8 CMakeFiles/blink.dir/__/lib/FreeRTOS-Kernel/portable/ThirdParty/GCC/RP2040/port.c.obj
                0x10007664                vPortLockInternalSpinUnlockWithWait
 .text.vPortLockInternalSpinUnlockWithNotify
                0x1000772c       0xd0 CMakeFiles/blink.dir/__/lib/FreeRTOS-Kernel/portable/ThirdParty/GCC/RP2040/port.c.obj
                0x1000772c                vPortLockInternalSpinUnlockWithNotify
 .text.xPortLockInternalSpinUnlockWithBestEffortWaitOrTimeout
                0x100077fc      0x120 CMakeFiles/blink.dir/__/lib/FreeRTOS-Kernel/portable/ThirdParty/GCC/RP2040/port.c.obj
                0x100077fc                xPortLockInternalSpinUnlockWithBestEffortWaitOrTimeout
 .text.prvRuntimeInitializer
                0x1000791c       0x28 CMakeFiles/blink.dir/__/lib/FreeRTOS-Kernel/portable/ThirdParty/GCC/RP2040/port.c.obj
 .text.prvTestWaitCondition
                0x10007944       0x1e CMakeFiles/blink.dir/__/lib/FreeRTOS-Kernel/event_groups.c.obj
 .text.xEventGroupCreate
                0x10007962       0x18 CMakeFiles/blink.dir/__/lib/FreeRTOS-Kernel/event_groups.c.obj
                0x10007962                xEventGroupCreate
 *fill*         0x1000797a        0x2 
 .text.xEventGroupWaitBits
                0x1000797c      0x124 CMakeFiles/blink.dir/__/lib/FreeRTOS-Kernel/event_groups.c.obj
                0x1000797c                xEventGroupWaitBits
 .text.xEventGroupSetBits
                0x10007aa0       0x98 CMakeFiles/blink.dir/__/lib/FreeRTOS-Kernel/event_groups.c.obj
                0x10007aa0                xEventGroupSetBits
 .text.vEventGroupSetBitsCallback
                0x10007b38        0x8 CMakeFiles/blink.dir/__/lib/FreeRTOS-Kernel/event_groups.c.obj
                0x10007b38                vEventGroupSetBitsCallback
 .text.xEventGroupSetBitsFromISR
                0x10007b40       0x14 CMakeFiles/blink.dir/__/lib/FreeRTOS-Kernel/event_groups.c.obj
                0x10007b40                xEventGroupSetBitsFromISR
 .text.vListInitialise
                0x10007b54       0x16 CMakeFiles/blink.dir/__/lib/FreeRTOS-Kernel/list.c.obj
                0x10007b54                vListInitialise
 .text.vListInitialiseItem
                0x10007b6a        0x6 CMakeFiles/blink.dir/__/lib/FreeRTOS-Kernel/list.c.obj
                0x10007b6a                vListInitialiseItem
 .text.vListInsertEnd
                0x10007b70       0x16 CMakeFiles/blink.dir/__/lib/FreeRTOS-Kernel/list.c.obj
                0x10007b70                vListInsertEnd
 .text.vListInsert
                0x10007b86       0x2e CMakeFiles/blink.dir/__/lib/FreeRTOS-Kernel/list.c.obj
                0x10007b86                vListInsert
 .text.uxListRemove
                0x10007bb4       0x26 CMakeFiles/blink.dir/__/lib/FreeRTOS-Kernel/list.c.obj
                0x10007bb4                uxListRemove
 .text.prvGetDisinheritPriorityAfterTimeout
                0x10007bda       0x12 CMakeFiles/blink.dir/__/lib/FreeRTOS-Kernel/queue.c.obj
 .text.prvIsQueueFull
                0x10007bec       0x1e CMakeFiles/blink.dir/__/lib/FreeRTOS-Kernel/queue.c.obj
 .text.prvIsQueueEmpty
                0x10007c0a       0x1c CMakeFiles/blink.dir/__/lib/FreeRTOS-Kernel/queue.c.obj
 .text.prvCopyDataToQueue
                0x10007c26       0x82 CMakeFiles/blink.dir/__/lib/FreeRTOS-Kernel/queue.c.obj
 .text.prvCopyDataFromQueue
                0x10007ca8       0x24 CMakeFiles/blink.dir/__/lib/FreeRTOS-Kernel/queue.c.obj
 .text.prvNotifyQueueSetContainer
                0x10007ccc       0xa8 CMakeFiles/blink.dir/__/lib/FreeRTOS-Kernel/queue.c.obj
 .text.prvUnlockQueue
                0x10007d74       0x88 CMakeFiles/blink.dir/__/lib/FreeRTOS-Kernel/queue.c.obj
 .text.xQueueGenericReset
                0x10007dfc       0xd8 CMakeFiles/blink.dir/__/lib/FreeRTOS-Kernel/queue.c.obj
                0x10007dfc                xQueueGenericReset
 .text.prvInitialiseNewQueue
                0x10007ed4       0x26 CMakeFiles/blink.dir/__/lib/FreeRTOS-Kernel/queue.c.obj
 *fill*         0x10007efa        0x2 
 .text.xQueueGenericCreate
                0x10007efc       0x90 CMakeFiles/blink.dir/__/lib/FreeRTOS-Kernel/queue.c.obj
                0x10007efc                xQueueGenericCreate
 .text.xQueueGenericSend
                0x10007f8c      0x190 CMakeFiles/blink.dir/__/lib/FreeRTOS-Kernel/queue.c.obj
                0x10007f8c                xQueueGenericSend
 .text.prvInitialiseMutex
                0x1000811c       0x18 CMakeFiles/blink.dir/__/lib/FreeRTOS-Kernel/queue.c.obj
 .text.xQueueCreateMutex
                0x10008134       0x16 CMakeFiles/blink.dir/__/lib/FreeRTOS-Kernel/queue.c.obj
                0x10008134                xQueueCreateMutex
 *fill*         0x1000814a        0x2 
 .text.xQueueGenericSendFromISR
                0x1000814c      0x13c CMakeFiles/blink.dir/__/lib/FreeRTOS-Kernel/queue.c.obj
                0x1000814c                xQueueGenericSendFromISR
 .text.xQueueReceive
                0x10008288      0x14c CMakeFiles/blink.dir/__/lib/FreeRTOS-Kernel/queue.c.obj
                0x10008288                xQueueReceive
 .text.xQueueSemaphoreTake
                0x100083d4      0x188 CMakeFiles/blink.dir/__/lib/FreeRTOS-Kernel/queue.c.obj
                0x100083d4                xQueueSemaphoreTake
 .text.vQueueAddToRegistry
                0x1000855c       0x64 CMakeFiles/blink.dir/__/lib/FreeRTOS-Kernel/queue.c.obj
                0x1000855c                vQueueAddToRegistry
 .text.vQueueWaitForMessageRestricted
                0x100085c0       0x50 CMakeFiles/blink.dir/__/lib/FreeRTOS-Kernel/queue.c.obj
                0x100085c0                vQueueWaitForMessageRestricted
 .text.prvResetNextTaskUnblockTime
                0x10008610       0x2c CMakeFiles/blink.dir/__/lib/FreeRTOS-Kernel/tasks.c.obj
 .text.prvDeleteTCB
                0x1000863c       0x12 CMakeFiles/blink.dir/__/lib/FreeRTOS-Kernel/tasks.c.obj
 *fill*         0x1000864e        0x2 
 .text.prvInitialiseNewTask
                0x10008650       0xb4 CMakeFiles/blink.dir/__/lib/FreeRTOS-Kernel/tasks.c.obj
 .text.prvInitialiseTaskLists
                0x10008704       0x68 CMakeFiles/blink.dir/__/lib/FreeRTOS-Kernel/tasks.c.obj
 .text.prvAddNewTaskToReadyList
                0x1000876c       0xc4 CMakeFiles/blink.dir/__/lib/FreeRTOS-Kernel/tasks.c.obj
 .text.prvCheckTasksWaitingTermination
                0x10008830       0x44 CMakeFiles/blink.dir/__/lib/FreeRTOS-Kernel/tasks.c.obj
 .text.prvIdleTask
                0x10008874       0x18 CMakeFiles/blink.dir/__/lib/FreeRTOS-Kernel/tasks.c.obj
 .text.prvAddCurrentTaskToDelayedList
                0x1000888c       0x9c CMakeFiles/blink.dir/__/lib/FreeRTOS-Kernel/tasks.c.obj
 .text.xTaskCreate
                0x10008928       0x68 CMakeFiles/blink.dir/__/lib/FreeRTOS-Kernel/tasks.c.obj
                0x10008928                xTaskCreate
 .text.prvCreateIdleTasks
                0x10008990       0x28 CMakeFiles/blink.dir/__/lib/FreeRTOS-Kernel/tasks.c.obj
 .text.vTaskDelete
                0x100089b8       0xc0 CMakeFiles/blink.dir/__/lib/FreeRTOS-Kernel/tasks.c.obj
                0x100089b8                vTaskDelete
 .text.vTaskStartScheduler
                0x10008a78       0x68 CMakeFiles/blink.dir/__/lib/FreeRTOS-Kernel/tasks.c.obj
                0x10008a78                vTaskStartScheduler
 .text.vTaskSuspendAll
                0x10008ae0       0x10 CMakeFiles/blink.dir/__/lib/FreeRTOS-Kernel/tasks.c.obj
                0x10008ae0                vTaskSuspendAll
 .text.xTaskGetTickCount
                0x10008af0        0xc CMakeFiles/blink.dir/__/lib/FreeRTOS-Kernel/tasks.c.obj
                0x10008af0                xTaskGetTickCount
 .text.uxTaskGetNumberOfTasks
                0x10008afc        0xc CMakeFiles/blink.dir/__/lib/FreeRTOS-Kernel/tasks.c.obj
                0x10008afc                uxTaskGetNumberOfTasks
 .text.xTaskIncrementTick
                0x10008b08      0x17c CMakeFiles/blink.dir/__/lib/FreeRTOS-Kernel/tasks.c.obj
                0x10008b08                xTaskIncrementTick
 .text.xTaskResumeAll
                0x10008c84      0x158 CMakeFiles/blink.dir/__/lib/FreeRTOS-Kernel/tasks.c.obj
                0x10008c84                xTaskResumeAll
 .text.vTaskDelay
                0x10008ddc       0x48 CMakeFiles/blink.dir/__/lib/FreeRTOS-Kernel/tasks.c.obj
                0x10008ddc                vTaskDelay
 .text.vTaskSwitchContext
                0x10008e24       0xa4 CMakeFiles/blink.dir/__/lib/FreeRTOS-Kernel/tasks.c.obj
                0x10008e24                vTaskSwitchContext
 .text.vTaskPlaceOnEventList
                0x10008ec8       0x3c CMakeFiles/blink.dir/__/lib/FreeRTOS-Kernel/tasks.c.obj
                0x10008ec8                vTaskPlaceOnEventList
 .text.vTaskPlaceOnUnorderedEventList
                0x10008f04       0x80 CMakeFiles/blink.dir/__/lib/FreeRTOS-Kernel/tasks.c.obj
                0x10008f04                vTaskPlaceOnUnorderedEventList
 .text.vTaskPlaceOnEventListRestricted
                0x10008f84       0x60 CMakeFiles/blink.dir/__/lib/FreeRTOS-Kernel/tasks.c.obj
                0x10008f84                vTaskPlaceOnEventListRestricted
 .text.xTaskRemoveFromEventList
                0x10008fe4      0x100 CMakeFiles/blink.dir/__/lib/FreeRTOS-Kernel/tasks.c.obj
                0x10008fe4                xTaskRemoveFromEventList
 .text.vTaskRemoveFromUnorderedEventList
                0x100090e4       0xf8 CMakeFiles/blink.dir/__/lib/FreeRTOS-Kernel/tasks.c.obj
                0x100090e4                vTaskRemoveFromUnorderedEventList
 .text.vTaskInternalSetTimeOutState
                0x100091dc       0x18 CMakeFiles/blink.dir/__/lib/FreeRTOS-Kernel/tasks.c.obj
                0x100091dc                vTaskInternalSetTimeOutState
 .text.xTaskCheckForTimeOut
                0x100091f4       0xb0 CMakeFiles/blink.dir/__/lib/FreeRTOS-Kernel/tasks.c.obj
                0x100091f4                xTaskCheckForTimeOut
 .text.vTaskMissedYield
                0x100092a4        0xc CMakeFiles/blink.dir/__/lib/FreeRTOS-Kernel/tasks.c.obj
                0x100092a4                vTaskMissedYield
 .text.xTaskGetCurrentTaskHandle
                0x100092b0        0xc CMakeFiles/blink.dir/__/lib/FreeRTOS-Kernel/tasks.c.obj
                0x100092b0                xTaskGetCurrentTaskHandle
 .text.xTaskGetSchedulerState
                0x100092bc       0x24 CMakeFiles/blink.dir/__/lib/FreeRTOS-Kernel/tasks.c.obj
                0x100092bc                xTaskGetSchedulerState
 .text.xTaskPriorityInherit
                0x100092e0       0xb4 CMakeFiles/blink.dir/__/lib/FreeRTOS-Kernel/tasks.c.obj
                0x100092e0                xTaskPriorityInherit
 .text.xTaskPriorityDisinherit
                0x10009394       0xc0 CMakeFiles/blink.dir/__/lib/FreeRTOS-Kernel/tasks.c.obj
                0x10009394                xTaskPriorityDisinherit
 .text.vTaskPriorityDisinheritAfterTimeout
                0x10009454       0xcc CMakeFiles/blink.dir/__/lib/FreeRTOS-Kernel/tasks.c.obj
                0x10009454                vTaskPriorityDisinheritAfterTimeout
 .text.uxTaskResetEventItemValue
                0x10009520       0x18 CMakeFiles/blink.dir/__/lib/FreeRTOS-Kernel/tasks.c.obj
                0x10009520                uxTaskResetEventItemValue
 .text.pvTaskIncrementMutexHeldCount
                0x10009538       0x14 CMakeFiles/blink.dir/__/lib/FreeRTOS-Kernel/tasks.c.obj
                0x10009538                pvTaskIncrementMutexHeldCount
 .text.prvGetNextExpireTime
                0x1000954c       0x24 CMakeFiles/blink.dir/__/lib/FreeRTOS-Kernel/timers.c.obj
 .text.prvInsertTimerInActiveList
                0x10009570       0x48 CMakeFiles/blink.dir/__/lib/FreeRTOS-Kernel/timers.c.obj
 .text.prvReloadTimer
                0x100095b8       0x2a CMakeFiles/blink.dir/__/lib/FreeRTOS-Kernel/timers.c.obj
 *fill*         0x100095e2        0x2 
 .text.prvProcessExpiredTimer
                0x100095e4       0x3c CMakeFiles/blink.dir/__/lib/FreeRTOS-Kernel/timers.c.obj
 .text.prvSwitchTimerLists
                0x10009620       0x30 CMakeFiles/blink.dir/__/lib/FreeRTOS-Kernel/timers.c.obj
 .text.prvSampleTimeNow
                0x10009650       0x2c CMakeFiles/blink.dir/__/lib/FreeRTOS-Kernel/timers.c.obj
 .text.prvProcessTimerOrBlockTask
                0x1000967c       0x70 CMakeFiles/blink.dir/__/lib/FreeRTOS-Kernel/timers.c.obj
 .text.prvProcessReceivedCommands
                0x100096ec      0x108 CMakeFiles/blink.dir/__/lib/FreeRTOS-Kernel/timers.c.obj
 .text.prvTimerTask
                0x100097f4       0x16 CMakeFiles/blink.dir/__/lib/FreeRTOS-Kernel/timers.c.obj
 *fill*         0x1000980a        0x2 
 .text.prvCheckForValidListAndQueue
                0x1000980c       0x60 CMakeFiles/blink.dir/__/lib/FreeRTOS-Kernel/timers.c.obj
 .text.xTimerCreateTimerTask
                0x1000986c       0x58 CMakeFiles/blink.dir/__/lib/FreeRTOS-Kernel/timers.c.obj
                0x1000986c                xTimerCreateTimerTask
 .text.xTimerPendFunctionCallFromISR
                0x100098c4       0x28 CMakeFiles/blink.dir/__/lib/FreeRTOS-Kernel/timers.c.obj
                0x100098c4                xTimerPendFunctionCallFromISR
 .text.exception_is_compile_time_default
                0x100098ec       0x20 CMakeFiles/blink.dir/C_/VSARM/sdk/pico/pico-sdk/src/rp2_common/hardware_exception/exception.c.obj
 .text.set_raw_exception_handler_and_restore_interrupts
                0x1000990c       0x18 CMakeFiles/blink.dir/C_/VSARM/sdk/pico/pico-sdk/src/rp2_common/hardware_exception/exception.c.obj
 .text.exception_get_vtable_handler
                0x10009924       0x10 CMakeFiles/blink.dir/C_/VSARM/sdk/pico/pico-sdk/src/rp2_common/hardware_exception/exception.c.obj
                0x10009924                exception_get_vtable_handler
 .text.exception_set_exclusive_handler
                0x10009934       0x44 CMakeFiles/blink.dir/C_/VSARM/sdk/pico/pico-sdk/src/rp2_common/hardware_exception/exception.c.obj
                0x10009934                exception_set_exclusive_handler
 .text          0x10009978       0x88 c:/vsarm/armcc/102021~1.10/bin/../lib/gcc/arm-none-eabi/10.3.1/../../../../arm-none-eabi/lib/thumb/v6-m/nofp\libg.a(lib_a-strcmp.o)
                0x10009978                strcmp
 .text.strlen   0x10009a00       0x5c c:/vsarm/armcc/102021~1.10/bin/../lib/gcc/arm-none-eabi/10.3.1/../../../../arm-none-eabi/lib/thumb/v6-m/nofp\libg.a(lib_a-strlen-stub.o)
                0x10009a00                strlen
 *(.fini)
 .fini          0x10009a5c        0x4 c:/vsarm/armcc/102021~1.10/bin/../lib/gcc/arm-none-eabi/10.3.1/thumb/v6-m/nofp/crti.o
                0x10009a5c                _fini
 .fini.__stub   0x10009a60       0xd0 linker stubs
 *crtbegin.o(.ctors)
 *crtbegin?.o(.ctors)
 *(EXCLUDE_FILE(*crtend.o *crtend?.o) .ctors)
 *(SORT_BY_NAME(.ctors.*))
 *(.ctors)
 *crtbegin.o(.dtors)
 *crtbegin?.o(.dtors)
 *(EXCLUDE_FILE(*crtend.o *crtend?.o) .dtors)
 *(SORT_BY_NAME(.dtors.*))
 *(.dtors)
                0x10009b30                . = ALIGN (0x4)
                0x10009b30                PROVIDE (__preinit_array_start = .)
 *(SORT_BY_NAME(.preinit_array.*))
 .preinit_array.00100
                0x10009b30        0x4 CMakeFiles/blink.dir/C_/VSARM/sdk/pico/pico-sdk/src/rp2_common/pico_runtime_init/runtime_init.c.obj
                0x10009b30                __pre_init_runtime_init_early_resets
 .preinit_array.00101
                0x10009b34        0x4 CMakeFiles/blink.dir/C_/VSARM/sdk/pico/pico-sdk/src/rp2_common/pico_runtime_init/runtime_init.c.obj
                0x10009b34                __pre_init_runtime_init_usb_power_down
 .preinit_array.00275
                0x10009b38        0x4 CMakeFiles/blink.dir/C_/VSARM/sdk/pico/pico-sdk/src/rp2_common/pico_bit_ops/bit_ops_aeabi.S.obj
 .preinit_array.00300
                0x10009b3c        0x4 CMakeFiles/blink.dir/C_/VSARM/sdk/pico/pico-sdk/src/rp2_common/pico_mem_ops/mem_ops_aeabi.S.obj
 .preinit_array.00350
                0x10009b40        0x4 CMakeFiles/blink.dir/C_/VSARM/sdk/pico/pico-sdk/src/rp2_common/pico_double/double_aeabi_rp2040.S.obj
 .preinit_array.00350
                0x10009b44        0x4 CMakeFiles/blink.dir/C_/VSARM/sdk/pico/pico-sdk/src/rp2_common/pico_float/float_aeabi_rp2040.S.obj
 .preinit_array.00500
                0x10009b48        0x4 CMakeFiles/blink.dir/C_/VSARM/sdk/pico/pico-sdk/src/rp2_common/pico_runtime_init/runtime_init.c.obj
                0x10009b48                __pre_init_runtime_init_clocks
 .preinit_array.00600
                0x10009b4c        0x4 CMakeFiles/blink.dir/C_/VSARM/sdk/pico/pico-sdk/src/rp2_common/pico_runtime_init/runtime_init.c.obj
                0x10009b4c                __pre_init_runtime_init_post_clock_resets
 .preinit_array.00700
                0x10009b50        0x4 CMakeFiles/blink.dir/C_/VSARM/sdk/pico/pico-sdk/src/rp2_common/pico_runtime_init/runtime_init.c.obj
                0x10009b50                __pre_init_runtime_init_rp2040_gpio_ie_disable
 .preinit_array.01000
                0x10009b54        0x4 CMakeFiles/blink.dir/C_/VSARM/sdk/pico/pico-sdk/src/rp2_common/pico_runtime_init/runtime_init.c.obj
                0x10009b54                __pre_init_runtime_init_spin_locks_reset
 .preinit_array.01100
                0x10009b58        0x4 CMakeFiles/blink.dir/C_/VSARM/sdk/pico/pico-sdk/src/common/pico_sync/mutex.c.obj
                0x10009b58                __pre_init_runtime_init_mutex
 .preinit_array.10080
                0x10009b5c        0x4 CMakeFiles/blink.dir/C_/VSARM/sdk/pico/pico-sdk/src/rp2_common/pico_runtime_init/runtime_init.c.obj
                0x10009b5c                __pre_init_runtime_init_install_ram_vector_table
 .preinit_array.11000
                0x10009b60        0x4 CMakeFiles/blink.dir/C_/VSARM/sdk/pico/pico-sdk/src/common/pico_time/time.c.obj
                0x10009b60                __pre_init_runtime_init_default_alarm_pool
 .preinit_array.YYYYY
                0x10009b64        0x4 CMakeFiles/blink.dir/C_/VSARM/sdk/pico/pico-sdk/src/rp2_common/pico_runtime/runtime.c.obj
                0x10009b64                __pre_init_first_per_core_initializer
 .preinit_array.ZZZZZ.01200
                0x10009b68        0x4 CMakeFiles/blink.dir/C_/VSARM/sdk/pico/pico-sdk/src/rp2_common/hardware_irq/irq.c.obj
                0x10009b68                __pre_init_runtime_init_per_core_irq_priorities
 *(.preinit_array)
                0x10009b6c                PROVIDE (__preinit_array_end = .)
                0x10009b6c                . = ALIGN (0x4)
                0x10009b6c                PROVIDE (__init_array_start = .)
 *(SORT_BY_NAME(.init_array.*))
 *(.init_array)
 .init_array    0x10009b6c        0x4 c:/vsarm/armcc/102021~1.10/bin/../lib/gcc/arm-none-eabi/10.3.1/thumb/v6-m/nofp/crtbegin.o
 .init_array    0x10009b70        0x4 CMakeFiles/blink.dir/C_/VSARM/sdk/pico/pico-sdk/src/rp2_common/pico_unique_id/unique_id.c.obj
 .init_array    0x10009b74        0x4 CMakeFiles/blink.dir/__/lib/FreeRTOS-Kernel/portable/ThirdParty/GCC/RP2040/port.c.obj
                0x10009b78                PROVIDE (__init_array_end = .)
                0x10009b78                . = ALIGN (0x4)
                [!provide]                PROVIDE (__fini_array_start = .)
 *(SORT_BY_NAME(.fini_array.*))
 *(.fini_array)
                [!provide]                PROVIDE (__fini_array_end = .)
 *(.eh_frame*)
 .eh_frame      0x10009b78        0x0 c:/vsarm/armcc/102021~1.10/bin/../lib/gcc/arm-none-eabi/10.3.1/thumb/v6-m/nofp/crtbegin.o
                0x10009b78                . = ALIGN (0x4)

.glue_7         0x10009b78        0x0
 .glue_7        0x10009b78        0x0 linker stubs

.glue_7t        0x10009b78        0x0
 .glue_7t       0x10009b78        0x0 linker stubs

.vfp11_veneer   0x10009b78        0x0
 .vfp11_veneer  0x10009b78        0x0 linker stubs

.v4_bx          0x10009b78        0x0
 .v4_bx         0x10009b78        0x0 linker stubs

.iplt           0x10009b78        0x0
 .iplt          0x10009b78        0x0 c:/vsarm/armcc/102021~1.10/bin/../lib/gcc/arm-none-eabi/10.3.1/thumb/v6-m/nofp/crtbegin.o

.rodata         0x10009b78     0x256c
 *(EXCLUDE_FILE(*libm.a: *libc.a:*lib_a-mem*.o *libgcc.a:) .rodata*)
 .rodata.task_movement_controller.str1.4
                0x10009b78      0x1a1 CMakeFiles/blink.dir/main.c.obj
 *fill*         0x10009d19        0x3 
 .rodata.task_parking_mechanism.str1.4
                0x10009d1c       0xae CMakeFiles/blink.dir/main.c.obj
 *fill*         0x10009dca        0x2 
 .rodata.initialize_components.str1.4
                0x10009dcc       0x18 CMakeFiles/blink.dir/main.c.obj
 .rodata.main.str1.4
                0x10009de4       0x25 CMakeFiles/blink.dir/main.c.obj
 .rodata.dc_motor_stop.str1.4
                0x10009e09       0x15 CMakeFiles/blink.dir/dc_motor.c.obj
 *fill*         0x10009e09        0x3 
 .rodata.rp2040_chip_version.str1.4
                0x10009e0c       0x75 CMakeFiles/blink.dir/C_/VSARM/sdk/pico/pico-sdk/src/rp2040/pico_platform/platform.c.obj
 *fill*         0x10009e81        0x3 
 .rodata.__func__.0
                0x10009e84       0x14 CMakeFiles/blink.dir/C_/VSARM/sdk/pico/pico-sdk/src/rp2040/pico_platform/platform.c.obj
 .rodata.panic.str1.4
                0x10009e98       0x12 CMakeFiles/blink.dir/C_/VSARM/sdk/pico/pico-sdk/src/rp2_common/pico_platform_panic/panic.c.obj
 *fill*         0x10009eaa        0x2 
 .rodata.panic_unsupported.str1.4
                0x10009eac        0xe CMakeFiles/blink.dir/C_/VSARM/sdk/pico/pico-sdk/src/rp2_common/pico_platform_panic/panic.c.obj
 *fill*         0x10009eba        0x2 
 .rodata.spin_lock_claim_unused.str1.4
                0x10009ebc       0x1b CMakeFiles/blink.dir/C_/VSARM/sdk/pico/pico-sdk/src/rp2_common/hardware_sync/sync.c.obj
 *fill*         0x10009ed7        0x1 
 .rodata.make_j_16.str1.4
                0x10009ed8       0x6d CMakeFiles/blink.dir/C_/VSARM/sdk/pico/pico-sdk/src/rp2_common/hardware_irq/irq.c.obj
 *fill*         0x10009f45        0x3 
 .rodata.irq_set_exclusive_handler.str1.4
                0x10009f48       0x36 CMakeFiles/blink.dir/C_/VSARM/sdk/pico/pico-sdk/src/rp2_common/hardware_irq/irq.c.obj
 *fill*         0x10009f7e        0x2 
 .rodata.irq_add_shared_handler.str1.4
                0x10009f80       0xe9 CMakeFiles/blink.dir/C_/VSARM/sdk/pico/pico-sdk/src/rp2_common/hardware_irq/irq.c.obj
 *fill*         0x1000a069        0x3 
 .rodata.irq_add_tail_to_free_list.str1.4
                0x1000a06c       0x3a CMakeFiles/blink.dir/C_/VSARM/sdk/pico/pico-sdk/src/rp2_common/hardware_irq/irq.c.obj
 *fill*         0x1000a0a6        0x2 
 .rodata.user_irq_claim_unused.str1.4
                0x1000a0a8       0x1b CMakeFiles/blink.dir/C_/VSARM/sdk/pico/pico-sdk/src/rp2_common/hardware_irq/irq.c.obj
 *fill*         0x1000a0c3        0x1 
 .rodata.__func__.0
                0x1000a0c4       0x1a CMakeFiles/blink.dir/C_/VSARM/sdk/pico/pico-sdk/src/rp2_common/hardware_irq/irq.c.obj
 *fill*         0x1000a0de        0x2 
 .rodata.__func__.3
                0x1000a0e0        0xa CMakeFiles/blink.dir/C_/VSARM/sdk/pico/pico-sdk/src/rp2_common/hardware_irq/irq.c.obj
 *fill*         0x1000a0ea        0x2 
 .rodata.__func__.4
                0x1000a0ec        0xd CMakeFiles/blink.dir/C_/VSARM/sdk/pico/pico-sdk/src/rp2_common/hardware_irq/irq.c.obj
 *fill*         0x1000a0f9        0x3 
 .rodata.__func__.5
                0x1000a0fc       0x17 CMakeFiles/blink.dir/C_/VSARM/sdk/pico/pico-sdk/src/rp2_common/hardware_irq/irq.c.obj
 *fill*         0x1000a113        0x1 
 .rodata.__func__.6
                0x1000a114       0x1a CMakeFiles/blink.dir/C_/VSARM/sdk/pico/pico-sdk/src/rp2_common/hardware_irq/irq.c.obj
 *fill*         0x1000a12e        0x2 
 .rodata.runtime_init_mutex.str1.4
                0x1000a130       0x58 CMakeFiles/blink.dir/C_/VSARM/sdk/pico/pico-sdk/src/common/pico_sync/mutex.c.obj
 .rodata.str1.4
                0x1000a188       0x51 CMakeFiles/blink.dir/C_/VSARM/sdk/pico/pico-sdk/src/common/pico_sync/mutex.c.obj
 *fill*         0x1000a1d9        0x3 
 .rodata.__func__.1
                0x1000a1dc        0xb CMakeFiles/blink.dir/C_/VSARM/sdk/pico/pico-sdk/src/common/pico_sync/mutex.c.obj
 *fill*         0x1000a1e7        0x1 
 .rodata.__func__.3
                0x1000a1e8       0x18 CMakeFiles/blink.dir/C_/VSARM/sdk/pico/pico-sdk/src/common/pico_sync/mutex.c.obj
 .rodata.__func__.6
                0x1000a200       0x13 CMakeFiles/blink.dir/C_/VSARM/sdk/pico/pico-sdk/src/common/pico_sync/mutex.c.obj
 *fill*         0x1000a213        0x1 
 .rodata.alarm_pool_irq_handler.str1.4
                0x1000a214       0x63 CMakeFiles/blink.dir/C_/VSARM/sdk/pico/pico-sdk/src/common/pico_time/time.c.obj
 *fill*         0x1000a277        0x1 
 .rodata.alarm_pool_get_default.str1.4
                0x1000a278       0x21 CMakeFiles/blink.dir/C_/VSARM/sdk/pico/pico-sdk/src/common/pico_time/time.c.obj
 *fill*         0x1000a299        0x3 
 .rodata.sleep_until.str1.4
                0x1000a29c       0x4d CMakeFiles/blink.dir/C_/VSARM/sdk/pico/pico-sdk/src/common/pico_time/time.c.obj
 *fill*         0x1000a2e9        0x3 
 .rodata.__func__.1